Format: Log Type - Time(microsec) - Message - Optional Info
Log Type: B - Since Boot(Power On Reset),  D - Delta,  S - Statistic
S - Chip Generation: 0x04
S - Chip Feature: 0x08
S - Chip Bin: 0x00
S - Silicon Version: 1.0
S - Silicon Package Substrate: 0
S - Booting on SILICON.
S - HXT_IMAGE_VERSION_STRING=HXT-XBL.HSRP.1.5-00883
S - IMAGE_VARIANT_STRING=HXT
S - OEM_IMAGE_VARIANT_STRING=1e4c8fb
S - Boot Interface: SPI Port 0
S - Secure Boot: Off
S - Boot Config @ 0x000000ff0c703834 = 0x00000021
S - JTAG ID @ 0x000000ff0c7038e0 = 0x1081094d
S - OEM ID @ 0x000000ff0c7038e4 = 0x00000000
S - Serial Number @ 0x000000ff0c7041a8 = 0x00000000
S - Extended Chip ID @ 0x000000ff0c7041ac = 0x00000000
S - OEM Config Row 0 @ 0x000000ff0c7041b0 = 0x0000000000000000
S - OEM Config Row 1 @ 0x000000ff0c7041b8 = 0x0000000000000000
S - Feature Config Row 0 @ 0x000000ff0c7041c0 = 0x0000000000000000
S - Feature Config Row 1 @ 0x000000ff0c7041c8 = 0x0000000000000000
S - Default Primary Core Frequency, 600 MHz
S - Boot Mode: MISSION
B -         0 - PBL, Start
B -      9534 - bootable_media_detect_entry, Start
B -    324707 - bootable_media_detect_success, Start
B -    324920 - elf_loader_entry, Start
B -    386086 - auth_hash_seg_entry, Start
B -    390275 - auth_hash_seg_exit, Start
B -   5403183 - elf_segs_hash_verify_entry, Start
B -   7490337 - PBL, End
B -   7511723 - SBL1, Start
B -   7666632 - boot with SHA256.
B -   7673556 - Progress: [50]
B -   7707868 - Progress: [52]
B -   7737819 - Progress: [44]
B -   7767770 - boot_flash_init, Start
D -        61 - boot_flash_init, Delta
B -   7774816 - boot_variables_init, Start
D -     14213 - boot_variables_init, Delta
B -   7796806 - boot_config_data_table_init, Start
D -      2592 - boot_config_data_table_init, Delta - (24 Bytes)
B -   7809616 - boot_config_data_table_update, Start
B -   7814374 - CDT Shared Variables being used.
B -   7861100 - boot_config_data_table_update, Delta
B -   7865889 - CDT Version:3,Platform ID:26,Major ID:1,Minor ID:0,Subtype:1,Revision:0
B -   7873758 - Default Variable Store Name: DEF_VAR_
B -   7878851 - Processing Default Variables Segment
B -   7895321 - Progress: [5B]
B -   7928810 - Progress: [5D]
B -   7991396 - Progress: [5C]
B -   8086282 - Data Loaded.
D -    214842 - Default Variables Segment Processed, Delta - (69208 Bytes)
B -   8100434 - Default HOB Store Name: DEF_HOB_
B -   8105070 - Processing Default HOB Segment
B -   8121052 - Progress: [5B]
B -   8157560 - Progress: [5D]
B -   8221366 - Progress: [5C]
B -   8322596 - Data Loaded.
D -    222589 - Default HOB Segment Processed, Delta - (71056 Bytes)
B -   8334125 - DDR FW Store Name: DDR_PHY_ALL.
B -   8338944 - Processing DDR PHY FW Segment
B -   8354804 - Progress: [5B]
B -   8388750 - Progress: [5D]
B -   8451458 - Progress: [5C]
B -   8677738 - Data Loaded.
D -    341447 - DDR PHY FW Segment Processed, Delta - (280688 Bytes)
B -   8686552 - Verifying DDR PHY SI Segment
B -   8702351 - Progress: [5B]
B -   8737213 - Progress: [5D]
B -   8801019 - Progress: [5C]
B -   8903285 - Data Verified.
D -    219570 - DDR PHY SI Segment Verified, Delta - (78928 Bytes)
B -   8912069 - pm_device_init, Start
B -   8932840 - PMIC Test Enabled : 0
B -   8937872 - PON REASON:PM0:0x0000000800020080 PM5:0x0000000000000040
B -   8965719 - PM_SET_VAL:Skip
D -     53314 - pm_device_init, Delta
B -   8972246 - pm_detect_overtemp, Start
D -       305 - pm_detect_overtemp, Delta
B -   8980084 - pm_driver_init, Start
D -     27480 - pm_driver_init, Delta
B -   9014824 - Using default L3 PG Setting.
B -   9018819 - CBF Init, Start
D -        91 - CBF Init, Delta
B -   9024675 - sbl1_ddr_set_params, Start
B -   9028549 - Pre_DDR_clock_init, Start
D -        30 - Pre_DDR_clock_init, Delta
D -         0 - sbl1_ddr_set_params, Delta
B -   9039956 - Progress: [01]
B -   9067162 - Using default CPU PG Setting.
B -   9078111 -  Reading SPD............
B -   9381739 -   DDR PHY VER: 0.94a
B -   9385399 -   Monaco Driver Version: AW2.6_V1.1_2018_07_19
B -   9391041 -   SOC Hardware Version 02.01.00
B -   9395372 - Progress: [29]
B -   9426848 - Progress: [22]
B -   9456830 - Progress: [22]
B -   9486933 - Progress: [22]
B -   9516793 - Progress: [22]
B -   9546866 - Progress: [22]
B -   9576756 - Progress: [22]
B -   9606859 - Progress: [22]
B -   9636719 - Progress: [22]
B -   9666792 - Progress: [22]
B -   9697780 - Progress: [22]
B -   9736820 - Progress: [22]
B -   9768448 - Progress: [22]
B -   9797332 - | Total 6 DDR channels are populated|
B -   9802212 - | DDR Pair0 : DDR CH2 on even and DDR CH3 on odd intlv |
B -   9808708 - | DDR Pair1 : DDR CH5 on even and DDR CH4 on odd intlv |
B -   9815205 - | DDR Pair2 : DDR CH0 on even and DDR CH1 on odd intlv |
B -   9830668 - Progress: [2A]
B -   9856685 - Progress: [0A]
B -   9893102 - Progress: [27]
B -   9926621 - Progress: [20]
B -   9970419 - Progress: [22]
B -  10010008 -    >> Found DIMM in Channel 2
B -  10014126 - Progress: [23]
B -  10048347 -     ** Found DIMM on Chan 2  Slot 0
B -  10053105 - Progress: [22]
B -  10086502 - Progress: [22]
B -  10116484 -    >> Found DIMM in Channel 3
B -  10120601 - Progress: [23]
B -  10156652 -     ** Found DIMM on Chan 3  Slot 0
B -  10161380 - Progress: [22]
B -  10196424 - Progress: [22]
B -  10226406 -    >> Found DIMM in Channel 5
B -  10230523 - Progress: [23]
B -  10278500 -     ** Found DIMM on Chan 5  Slot 0
B -  10283258 - Progress: [22]
B -  10387842 - Progress: [22]
B -  10410717 -    >> Found DIMM in Channel 4
B -  10414835 - Progress: [23]
B -  10437771 -     ** Found DIMM on Chan 4  Slot 0
B -  10442498 - Progress: [22]
B -  10465343 - Progress: [22]
B -  10488218 -    >> Found DIMM in Channel 0
B -  10492335 - Progress: [23]
B -  10515271 -     ** Found DIMM on Chan 0  Slot 0
B -  10519999 - Progress: [22]
B -  10542843 - Progress: [22]
B -  10565718 -    >> Found DIMM in Channel 1
B -  10569836 - Progress: [23]
B -  10592741 -     ** Found DIMM on Chan 1  Slot 0
B -  10597499 - Progress: [22]
B -  10620588 -
                Setting DDR4 2T Preamble to READ configuration since data rate>=2400, data rate = 2666
B -  10629768 - Progress: [28]
B -  10652674 - DDR SI Data Store Name: CRB10DUF131D2R
B -  10657554 - Processing DDR PHY SI Data Segment
B -  10676342 - Progress: [5B]
B -  10699186 - Progress: [5D]
B -  10756069 - Progress: [5C]
B -  10861721 - Data Loaded.
D -    206820 - DDR PHY SI Data Segment Processed, Delta - (9544 Bytes)
B -  10870810 - Progress: [28]
B -  10893654 - Progress: [28]
B -  10916499 - Progress: [28]
B -  10939343 - Progress: [28]
B -  10962188 - Progress: [28]
B -  10985063 - Asserting CLKGENx areset for HDDRSS 0, 1, 5
B -  10990431 - Asserting CLKGENx areset for HDDRSS 2, 3, 4
B -  10995768 - Deasserting CLKGENx areset for HDDRSS 0, 1, 5
B -  11001289 - Deasserting CLKGENx areset for HDDRSS 2, 3, 4
B -  11009859 - Assert MDDR PwrOkIn signal
B -  11014770 - Remove Fence: APB and dfi_init_complete inputs from the DDR PHY
B -  11024896 - Assert MDDR PwrOkIn signal
B -  11029806 - Remove Fence: APB and dfi_init_complete inputs from the DDR PHY
B -  11039932 - Assert MDDR PwrOkIn signal
B -  11044843 - Remove Fence: APB and dfi_init_complete inputs from the DDR PHY
B -  11054969 - Assert MDDR PwrOkIn signal
B -  11059879 - Remove Fence: APB and dfi_init_complete inputs from the DDR PHY
B -  11070005 - Assert MDDR PwrOkIn signal
B -  11074916 - Remove Fence: APB and dfi_init_complete inputs from the DDR PHY
B -  11085042 - Assert MDDR PwrOkIn signal
B -  11089952 - Remove Fence: APB and dfi_init_complete inputs from the DDR PHY
B -  11097059 - Setting DDR clock to 1333 MHz
B -  11101237 - | Initializing channel 2 Memory Controller |
B -  11106727 - Progress: [24]
B -  11129602 - | Initializing the PHY for channel 2 |
B -  11139027 - Progress: [26]
B -  11161902 - | Performing the Enhanced PHY Training on Channel 2 |
B -  11198685 -        DDR-TRAIN:  Training 1D PASSED!!
B -  12634564 -        DDR-TRAIN:  Training 2D PASSED!!
B -  12656005 - | 1D training with adjusted Vref 7707 |
B -  12691568 -        DDR-TRAIN:  Training 1D PASSED!!
B -  12696967 - | 2D training with adjusted Vref 7707 |
B -  14133486 -        DDR-TRAIN:  Training 2D PASSED!!
B -  14139098 - Progress: [25]
B -  14161943 - | DRAM Init on channel 2 |
B -  14167707 - | Controller post-Init on channel 2 |
B -  14172526 -   Starting scrub initialization...
B -  16036076 -   Stopping scrub init, clearing halt at max address
B -  16042115 - | Initializing channel 3 Memory Controller |
B -  16047575 - Progress: [24]
B -  16070480 - | Initializing the PHY for channel 3 |
B -  16079905 - Progress: [26]
B -  16102780 - | Performing the Enhanced PHY Training on Channel 3 |
B -  16139563 -        DDR-TRAIN:  Training 1D PASSED!!
B -  17445298 -        DDR-TRAIN:  Training 2D PASSED!!
B -  17466648 - | 1D training with adjusted Vref 7767 |
B -  17502211 -        DDR-TRAIN:  Training 1D PASSED!!
B -  17507610 - | 2D training with adjusted Vref 7767 |
B -  18813101 -        DDR-TRAIN:  Training 2D PASSED!!
B -  18818713 - Progress: [25]
B -  18841558 - | DRAM Init on channel 3 |
B -  18847322 - | Controller post-Init on channel 3 |
B -  18852141 -   Starting scrub initialization...
B -  20715386 -   Stopping scrub init, clearing halt at max address
B -  20721456 - | Initializing channel 5 Memory Controller |
B -  20726915 - Progress: [24]
B -  20749790 - | Initializing the PHY for channel 5 |
B -  20759276 - Progress: [26]
B -  20782120 - | Performing the Enhanced PHY Training on Channel 5 |
B -  20820489 -        DDR-TRAIN:  Training 1D PASSED!!
B -  22298184 -        DDR-TRAIN:  Training 2D PASSED!!
B -  22319625 - | 1D training with adjusted Vref 7702 |
B -  22356774 -        DDR-TRAIN:  Training 1D PASSED!!
B -  22362173 - | 2D training with adjusted Vref 7702 |
B -  23839501 -        DDR-TRAIN:  Training 2D PASSED!!
B -  23845144 - Progress: [25]
B -  23867988 - | DRAM Init on channel 5 |
B -  23873753 - | Controller post-Init on channel 5 |
B -  23878572 -   Starting scrub initialization...
B -  25741695 -   Stopping scrub init, clearing halt at max address
B -  25747764 - | Initializing channel 4 Memory Controller |
B -  25753224 - Progress: [24]
B -  25776099 - | Initializing the PHY for channel 4 |
B -  25785554 - Progress: [26]
B -  25808429 - | Performing the Enhanced PHY Training on Channel 4 |
B -  25846432 -        DDR-TRAIN:  Training 1D PASSED!!
B -  27321808 -        DDR-TRAIN:  Training 2D PASSED!!
B -  27343158 - | 1D training with adjusted Vref 7698 |
B -  27379911 -        DDR-TRAIN:  Training 1D PASSED!!
B -  27385309 - | 2D training with adjusted Vref 7698 |
B -  28861753 -        DDR-TRAIN:  Training 2D PASSED!!
B -  28867365 - Progress: [25]
B -  28890210 - | DRAM Init on channel 4 |
B -  28895974 - | Controller post-Init on channel 4 |
B -  28900793 -   Starting scrub initialization...
B -  30763825 -   Stopping scrub init, clearing halt at max address
B -  30769864 - | Initializing channel 0 Memory Controller |
B -  30775323 - Progress: [24]
B -  30798198 - | Initializing the PHY for channel 0 |
B -  30807653 - Progress: [26]
B -  30830498 - | Performing the Enhanced PHY Training on Channel 0 |
B -  30867555 -        DDR-TRAIN:  Training 1D PASSED!!
B -  32222487 -        DDR-TRAIN:  Training 2D PASSED!!
B -  32243837 - | 1D training with adjusted Vref 7762 |
B -  32279675 -        DDR-TRAIN:  Training 1D PASSED!!
B -  32285073 - | 2D training with adjusted Vref 7762 |
B -  33638572 -        DDR-TRAIN:  Training 2D PASSED!!
B -  33644184 - Progress: [25]
B -  33667028 - | DRAM Init on channel 0 |
B -  33672793 - | Controller post-Init on channel 0 |
B -  33677642 -   Starting scrub initialization...
B -  35541009 -   Stopping scrub init, clearing halt at max address
B -  35547079 - | Initializing channel 1 Memory Controller |
B -  35552508 - Progress: [24]
B -  35575383 - | Initializing the PHY for channel 1 |
B -  35584868 - Progress: [26]
B -  35607713 - | Performing the Enhanced PHY Training on Channel 1 |
B -  35644770 -        DDR-TRAIN:  Training 1D PASSED!!
B -  37005863 -        DDR-TRAIN:  Training 2D PASSED!!
B -  37027244 - | 1D training with adjusted Vref 7745 |
B -  37063112 -        DDR-TRAIN:  Training 1D PASSED!!
B -  37068480 - | 2D training with adjusted Vref 7745 |
B -  38428048 -        DDR-TRAIN:  Training 2D PASSED!!
B -  38433660 - Progress: [25]
B -  38456504 - | DRAM Init on channel 1 |
B -  38462269 - | Controller post-Init on channel 1 |
B -  38467088 -   Starting scrub initialization...
B -  40330577 -   Stopping scrub init, clearing halt at max address
B -  40336616 - Progress: [21]
B -  40359460 -   Monaco Driver Init Complete
B -  40363608 - +=========== BOOT VARIABLE CONFIGURATION ===========+
B -  40369861 - | Total Available Memory:98304MB, Speed:1333Mhz
B -  40375564 - |GRANULE:256B  DIMM INTRLV:Off  SCRAMBLE:On
B -  40380963 - |CA_PARITY:DIMM  DBI:DIS  2T:READ  CA STRETCH:1T
B -  40386758 - |THERMTHROT:Off  ADDR:MCA_16_7
B -  40390997 - |OVERCLOCK:Off  ZQCAL:On  PROP_DELAY:16
B -  40395999 - |CLK:CLKGEN  SSC:On  DQS_DELAY:0
B -  40400422 - |AUTOREFRESH:1X  ADJ_DIMM0:1X  ADJ_DIMM1:1X
B -  40405790 - |AUTOPRECH:On  PAGE POLICY:CLOSED  IDLE TIMER:0x200
B -  40411829 - |AUTO SELFREFRESH:Off
B -  40415275 - |AUTO POWER DOWN :Off
B -  40418722 - |DFI LOW POWER MODE:DISABLED
B -  40422748 - |TEMP EVENT      :Off
B -  40426194 - |ECC             :On
B -  40429549 - |  RDWR_MODE:0x3  SCRUB:Off
B -  40433514 - |COMPRESSION     : DISABLED  QUAD_DET: Off
B -  40438791 - +---------------------------------------------------+
B -  40445013 - |L3 AFFI: Off  HASH: On
B -  40448642 - |LL QUERY: On  BREAKER: On  SNOOP FLT: On
B -  40453827 - |RPLCPOLICY: LRU  CACHE MON: On
B -  40458128 - |AUTOCLKGATING: On
B -  40461300 - |  CYCLE:0x6aff
B -  40464228 - +---------------------------------------------------+
B -  40470450 - |RS SBRCE        : On
B -  40473896 - |  SBRLVL: LVL_0  SBRMSK: 0x0
B -  40478044 - |RS DLBU         : On
B -  40481460 - |RS EROUTE       : Off
B -  40484998 - |RS LFSR         : On
B -  40488445 - |RS BUM MON      : Off
B -  40491983 - |CLKONREQ        : On
B -  40495429 - |  DELAY: 0x5  HYST: 0x3ff
B -  40499303 - +===================================================+
B -  40517176 - SDI Initialized
B -  40520104 - Loading TFW Image
B -  40536330 - Progress: [58]
B -  40559205 - Progress: [5A]
B -  40640640 - Progress: [59]
D -    995764 - TFW Image Loaded, Delta - (223648 Bytes)
B -  41520961 - Image Load, Start
B -  41568724 - Progress: [54]
D -     67557 - SEC Image Loaded, Delta - (2048 Bytes)
B -  41602640 - sbl1_efs_handle_cookies, Start
D -        61 - sbl1_efs_handle_cookies, Delta
B -  41611119 - Loading APPSBL Image
B -  41627711 - Progress: [5B]
B -  41650586 - Progress: [5D]
B -  41731991 - Progress: [5C]
D -  12016390 - APPSBL Image Loaded, Delta - (3152976 Bytes)
B -  53642729 - Loading APPS Management Mode (MM) Image
B -  53660876 - Progress: [5B]
B -  53683751 - Progress: [5D]
B -  53765125 - Progress: [5C]
D -   3072539 - APPS Management Mode (MM) Image Loaded, Delta - (531536 Bytes)
B -  56722253 - Loading APPS TPM Secure App Image
B -  56739882 - Progress: [5B]
B -  56762757 - Progress: [5D]
B -  56844436 - Progress: [5C]
D -    534939 - APPS TPM Secure App Image Loaded, Delta - (78132 Bytes)
B -  57263567 - Loading IMC Image
B -  57279762 - Progress: [55]
B -  57302607 - Progress: [57]
B -  57384072 - Progress: [56]
D -   2864682 - IMC Image Loaded, Delta - (522036 Bytes)
B -  60280474 - QoS ID Initialization, Start
D -      6496 - QoS ID Initialization, Delta
B -  60299323 - Access Control, Start
B -  60302770 - Progress: [27]
B -  60346964 - WARNING: XPU Access Control left open for SDI
D -     49928 - Access Control, Delta
B -  60356084 - IMC Execution, Start
D -         0 - IMC Execution, Delta
S - CPU PG: 0x0000ffffffffffff
S - L3 Interleave PG: 0x0000000000ffffff
S - Primary Core: 0
B -  60371151 - SBL1, End
D -  52861776 - SBL1, Delta
S - Flash Throughput, 0 KB/s  (5028016 Bytes,  6159564 us)
S - DDR Frequency, 1333 MHz
NOTICE:  BL31: v1.3(release):HSRP_V1.4-8-ge6fd1e6
NOTICE:  BL31: Built : 16:46:45, Dec 26 2018
NOTICE:  BL31: Build Id: HXT-TZ.HSRP.1.5-00943
NOTICE:  sysini_override variable set to 0xc000000000000402
NOTICE:  ***** IMC-TZ SYNC POINT REACHED *****
ERROR:TPM_SPI_TRANSFER Failed with error=261
NOTICE:  BL31: Preparing for EL3 exit to normal world
DEBUG Mode : Off
FW Family  : HXT StarDragon(TM) 4800
FW Version : HXT-XBL.HSRP.1.5-00883 HXT ffbab64
Build Info : 64b Dec 26 2018 16:56:24
Boot Mode  : Full configuration
Progress: [06]
Checkpoint 9A
Checkpoint 78
Checkpoint 80
Progress: [3D]
Checkpoint 92
Progress: [42]
Progress: [42]
Progress: [43]
Progress: [40]
Progress: [43]
Progress: [40]
Progress: [43]
Progress: [40]
Progress: [43]
Progress: [40]
Progress: [38]
Progress: [39]
Progress: [39]
Progress: [39]
Progress: [02]
Checkpoint A0
Checkpoint A2
Progress: [02]
Checkpoint A0
Checkpoint A2
Progress: [02]
Checkpoint A0
Checkpoint A2
Progress: [02]
Checkpoint A0
Checkpoint A2
Progress: [02]
Checkpoint A0
Checkpoint A2
Progress: [02]
Checkpoint A0
Checkpoint A2
Progress: [02]
Checkpoint A0
Checkpoint A2
Progress: [02]
Checkpoint A0
Checkpoint A2
Checkpoint 90
Checkpoint 91
Checkpoint 91
Progress: [3D]
Checkpoint 92
Progress: [3F]
Checkpoint 94
Progress: [3F]
Checkpoint 94
Progress: [3F]
Checkpoint 94
Progress: [3F]
Checkpoint 94
Progress: [3F]
Checkpoint 94
Progress: [3F]
Checkpoint 94
Progress: [3F]
Checkpoint 94
Progress: [3F]
Checkpoint 94
Progress: [07]
Checkpoint 95
Checkpoint 96
Checkpoint 96
Checkpoint 96
Checkpoint 96
Checkpoint 96
Progress: [3D]
Checkpoint 92
Checkpoint 96
Checkpoint 96
Checkpoint 96
Checkpoint 96
Checkpoint 96
Progress: [3D]
Checkpoint 92
Checkpoint 96
Checkpoint 96
Checkpoint 96
Checkpoint 96
Checkpoint 96
Progress: [3D]
Checkpoint 92
Checkpoint 96
Checkpoint 96
Checkpoint 96
Checkpoint 96
Checkpoint 96
Progress: [09]
Checkpoint 97























































Version 2.20.1273. Copyright (C) 2018 American Megatrends, Inc.
BIOS Date: 12/26/2018 16:55:37 Ver: 0ACJA565
EVALUATION COPY.
Press <DEL> or <ESC> to enter setup.Checkpoint 96]
Progress: [A6]
ERROR: Class:2000000; Subclass:10000; Operation: 6
Progress: [A6]
ERROR: Class:2000000; Subclass:10000; Operation: 6
Progress: [A6]
ERROR: Class:2000000; Subclass:10000; Operation: 6
Progress: [A6]
ERROR: Class:2000000; Subclass:10000; Operation: 6
Progress: [A6]
ERROR: Class:2000000; Subclass:10000; Operation: 6
Progress: [A6]
ERROR: Class:2000000; Subclass:10000; Operation: 6
Progress: [A6]
ERROR: Class:2000000; Subclass:10000; Operation: 6
Progress: [A6]                                                               96Checkpoint B4]
ERROR: Class:2000000; Subclass:10000; Operation: 6
Progress: [A6]
ERROR: Class:2000000; Subclass:10000; Operation: 6
Progress: [A6]
ERROR: Class:2000000; Subclass:10000; Operation: 6
Progress: [A6]
ERROR: Class:2000000; Subclass:10000; Operation: 6
Progress: [A6]
ERROR: Class:2000000; Subclass:10000; Operation: 6
Progress: [A6]
ERROR: Class:2000000; Subclass:10000Checkpoint A26
Progress: [62]
Checkpoint AD]000000; Subclass:10000; Operation: 6
Checkpoint 78]
Checkpoint 782000000; Subclass:10000; Operation: 6
Progress: [39]
Progress: [39]000000; Subclass:10000; Operation: 6
Progress: [39]
Progress: [39]000000; Subclass:10000; Operation: 6
Progress: [39]
error: failure reading sector 0x0 fromOperation: 6
`hd12'.s: [A6]
Progress: [39]000000; Subclass:10000; Operation: 6
Progress: [39]
Progress: [39]000000; Subclass:10000; Operation: 6
Progress: [39]                                                               A2
Progress: [39]000000; Subclass:10000; Operation: 6
Progress: [39]
Progress: [39]000000; Subclass:10000; Operation: 6
Progress: [39]
error: failure reading sector 0x0 from `hd12'.n: 6
Progress: [39]
Progress: [39]000000; Subclass:10000; Operation: 6
Progress: [39]
error: no such device: CentOS 7 aarch64.eration: 6
Progress: [A6]
ERROR: Class:2000000; Subclass:10000; Operation: 6
Progress: [A6]
ERROR: Class:2000000; Subclass:10000; Operation: 6
Progress: [A6]
ERROR: Class:2000000; Subclass:10000; Operation: 6
Progress: [A6]
ERROR: Class:2000000; Subclass:10000; Operation: 6
Progress: [A6]
ERROR: Class:2000000; Subclass:10000; Operation: 6
Progress: [A6]
ERROR: Class:2000000; Subclass:10000; Operation: 6
Progress: [A6]
ERROR: Class:2000000; Subclass:10000; Operation: 6




      Install CentOS 7 - for maituan
      Install CentOS 7
      Test this media & install CentOS 7
      Troubleshooting -->













      Use the ^ and v keys to change the selection.
      Press 'e' to edit the selected item, or 'c' for a command prompt.
   The selected entry will be started automatically in 0s.
EFI stub: Booting Linux Kernel...
EFI stub: Using DTB from configuration table
EFI stub: Exiting boot services and installing virtual address map...
Progress: [13]
[    0.000000] Booting Linux on physical CPU 0x0
[    0.000000] Linux version 4.14.0-115.el7a.0.1.aarch64 (mockbuild@aarch64-01.bsys.centos.org) (gcc version 4.8.5 20150623 (Red Hat 4.8.5-36) (GCC)) #1 SMP Sun Nov 25 20:54:21 UTC 2018
[    0.000000] Boot CPU: AArch64 Processor [680f0000]
[    0.000000] efi: Getting EFI parameters from FDT:
[    0.000000] efi: EFI v2.60 by American Megatrends
[    0.000000] efi:  SMBIOS 3.0=0xde4ae98  ACPI 2.0=0x3aa0000  ESRT=0x8f4b018  MEMATTR=0x8f3b018  RNG=0x736dc18
[    0.000000] random: fast init done
[    0.000000] efi: seeding entropy pool
[    0.000000] esrt: Reserving ESRT space from 0x0000000008f4b018 to 0x0000000008f4b0f0.
[    0.000000] ACPI: Early table checksum verification disabled
[    0.000000] ACPI: RSDP 0x0000000003AA0000 000024 (v02 ALASKA)
[    0.000000] ACPI: XSDT 0x0000000003AA0028 0000A4 (v01 ALASKA A M I    01072009 AMI  00010013)
[    0.000000] ACPI: FACP 0x0000000003AA00D0 000114 (v06 QCOM   QDF2400  00000000 INTL 20160930)
[    0.000000] ACPI: DSDT 0x0000000003AA01E8 032B2C (v02 QCOM   QDF2400  00000004 INTL 20160930)
[    0.000000] ACPI: FIDT 0x0000000003AD2D18 00009C (v01 ALASKA A M I    01072009 AMI  00010013)
[    0.000000] ACPI: PPTT 0x0000000003AD2DB8 00083E (v01 QCOM   QDF2400  00000003 INTL 20150515)
[    0.000000] ACPI: APIC 0x0000000003AD35F8 000F70 (v04 QCOM   QDF2400  00000001 INTL 20160930)
[    0.000000] ACPI: BERT 0x0000000003AD4568 000030 (v01 QCOM   QDF2400  00000001 INTL 20160930)
[    0.000000] ACPI: EINJ 0x0000000003AD4598 000150 (v01 QCOM   QDF2400  00000001 INTL 20160930)
[    0.000000] ACPI: GTDT 0x0000000003AD46E8 00007C (v02 QCOM   QDF2400  00000001 INTL 20160930)
[    0.000000] ACPI: PCCT 0x0000000003AD4768 0000AC (v01 QCOM   QDF2400  00000001 INTL 20160930)
[    0.000000] ACPI: SPMI 0x0000000003AD4818 000041 (v04 QCOM   QDF2400  00000000 INTL 20160930)
[    0.000000] ACPI: DBG2 0x0000000003AD4860 000072 (v00 QCOM   QDF2400  00000001 INTL 20150515)
[    0.000000] ACPI: IORT 0x0000000003AD48D8 000FD0 (v00 QCOM   QDF2400  00000001 INTL 20150515)
[    0.000000] ACPI: TPM2 0x0000000003AD58A8 000040 (v04 QCOM   QDF2400  00000001 INTL 20150515)
[    0.000000] ACPI: SPCR 0x0000000003AD58E8 000050 (v02 QCOM   QDF2400  00000001 QCOM 00000001)
[    0.000000] ACPI: HEST 0x0000000003AD5938 000288 (v01 QCOM   QDF2400  00000001 INTL 20150515)
[    0.000000] ACPI: MCFG 0x0000000003AD5BC0 00006C (v01 ALASKA A M I    00000002      01000013)
[    0.000000] ACPI: WSMT 0x0000000003AD5C30 000028 (v01 ALASKA A M I    01072009 AMI  00010013)
[    0.000000] ACPI: SPCR: console: pl011,mmio32,0xff78ed1000,115200
[    0.000000] ACPI: NUMA: Failed to initialise from firmware
[    0.000000] NUMA: Faking a node at [mem 0x0000000000000000-0x00000017ffffffff]
[    0.000000] NUMA: NODE_DATA [mem 0x17ffffe500-0x17ffffffff]
[    0.000000] Zone ranges:
[    0.000000]   DMA      [mem 0x0000000000200000-0x00000000ffffffff]
[    0.000000]   Normal   [mem 0x0000000100000000-0x00000017ffffffff]
[    0.000000] Movable zone start for each node
[    0.000000] Early memory node ranges
[    0.000000]   node   0: [mem 0x0000000000200000-0x000000000021ffff]
[    0.000000]   node   0: [mem 0x0000000000820000-0x0000000001feffff]
[    0.000000]   node   0: [mem 0x0000000001ff0000-0x00000000027fffff]
[    0.000000]   node   0: [mem 0x0000000002800000-0x000000000307ffff]
[    0.000000]   node   0: [mem 0x0000000003080000-0x000000000308ffff]
[    0.000000]   node   0: [mem 0x0000000003090000-0x00000000031fffff]
[    0.000000]   node   0: [mem 0x0000000003200000-0x00000000033fffff]
[    0.000000]   node   0: [mem 0x0000000003410000-0x000000000347ffff]
[    0.000000]   node   0: [mem 0x0000000003480000-0x000000000350ffff]
[    0.000000]   node   0: [mem 0x0000000003510000-0x0000000003a9ffff]
[    0.000000]   node   0: [mem 0x0000000003aa0000-0x0000000003aeffff]
[    0.000000]   node   0: [mem 0x0000000003af0000-0x0000000003afffff]
[    0.000000]   node   0: [mem 0x0000000003b00000-0x0000000003b9ffff]
[    0.000000]   node   0: [mem 0x0000000003ba0000-0x0000000003bdffff]
[    0.000000]   node   0: [mem 0x0000000003be0000-0x00000000063effff]
[    0.000000]   node   0: [mem 0x00000000063f0000-0x00000000064effff]
[    0.000000]   node   0: [mem 0x00000000064f0000-0x0000000006e3ffff]
[    0.000000]   node   0: [mem 0x0000000006e40000-0x00000000070affff]
[    0.000000]   node   0: [mem 0x00000000070b0000-0x000000000714ffff]
[    0.000000]   node   0: [mem 0x0000000007150000-0x00000000071fffff]
[    0.000000]   node   0: [mem 0x0000000007200000-0x00000000080affff]
[    0.000000]   node   0: [mem 0x00000000080b0000-0x000000000812ffff]
[    0.000000]   node   0: [mem 0x0000000008130000-0x000000000815ffff]
[    0.000000]   node   0: [mem 0x0000000008160000-0x000000000816ffff]
[    0.000000]   node   0: [mem 0x0000000008170000-0x000000000817ffff]
[    0.000000]   node   0: [mem 0x0000000008180000-0x00000000081bffff]
[    0.000000]   node   0: [mem 0x00000000081c0000-0x000000000886ffff]
[    0.000000]   node   0: [mem 0x0000000008870000-0x00000000088affff]
[    0.000000]   node   0: [mem 0x00000000088b0000-0x00000000088cffff]
[    0.000000]   node   0: [mem 0x00000000088d0000-0x00000000088effff]
[    0.000000]   node   0: [mem 0x00000000088f0000-0x000000000890ffff]
[    0.000000]   node   0: [mem 0x0000000008910000-0x000000000892ffff]
[    0.000000]   node   0: [mem 0x0000000008930000-0x0000000008e3ffff]
[    0.000000]   node   0: [mem 0x0000000008e40000-0x000000000de1ffff]
[    0.000000]   node   0: [mem 0x000000000de20000-0x000000000de4ffff]
[    0.000000]   node   0: [mem 0x000000000de50000-0x000000000fffffff]
[    0.000000]   node   0: [mem 0x0000000010800000-0x0000000017feffff]
[    0.000000]   node   0: [mem 0x000000001c000000-0x000000001c00ffff]
[    0.000000]   node   0: [mem 0x000000001c010000-0x000000001c7fffff]
[    0.000000]   node   0: [mem 0x000000001c810000-0x000000001dffffff]
[    0.000000]   node   0: [mem 0x000000001e000000-0x000000001e1cffff]
[    0.000000]   node   0: [mem 0x000000001e1e0000-0x000000007efbffff]
[    0.000000]   node   0: [mem 0x000000007efc0000-0x000000007efdffff]
[    0.000000]   node   0: [mem 0x000000007efe0000-0x000000007efeffff]
[    0.000000]   node   0: [mem 0x000000007eff0000-0x000000007effffff]
[    0.000000]   node   0: [mem 0x000000007f000000-0x00000017ffffffff]
[    0.000000] Initmem setup node 0 [mem 0x0000000000200000-0x00000017ffffffff]
[    0.000000] psci: probing for conduit method from ACPI.
[    0.000000] psci: PSCIv1.0 detected in firmware.
[    0.000000] psci: Using standard PSCI v0.2 function IDs
[    0.000000] psci: MIGRATE_INFO_TYPE not supported.
[    0.000000] psci: SMC Calling Convention v1.1
[    0.000000] percpu: Embedded 3 pages/cpu @ffff8017f9480000 s125976 r8192 d62440 u196608
[    0.000000] Detected PIPT I-cache on CPU0
[    0.000000] CPU features: enabling workaround for Speculative Store Bypass Disable
[    0.000000] Built 1 zonelists, mobility grouping on.  Total pages: 1570044
[    0.000000] Policy zone: Normal
[    0.000000] Kernel command line: BOOT_IMAGE=/images/pxeboot/vmlinuz inst.stage2=hd:LABEL=CENTOSMT ro inst.ks=hd:LABEL=CENTOSMT:/EFI/BOOT/anaconda-ks.meituan-usb.cfg inst.text
[    0.000000] PID hash table entries: 4096 (order: -1, 32768 bytes)
[    0.000000] software IO TLB [mem 0xfbff0000-0xffff0000] (64MB) mapped at [ffff8000fbff0000-ffff8000fffeffff]
[    0.000000] Memory: 100244160K/100581120K available (8316K kernel code, 1886K rwdata, 3392K rodata, 1472K init, 9784K bss, 336960K reserved, 0K cma-reserved)
[    0.000000] Virtual kernel memory layout:
[    0.000000]     modules : 0xffff000000000000 - 0xffff000008000000   (   128 MB)
[    0.000000]     vmalloc : 0xffff000008000000 - 0xffff7bdfffff0000   (126847 GB)
[    0.000000]       .text : 0xffff000008080000 - 0xffff0000088a0000   (  8320 KB)
[    0.000000]     .rodata : 0xffff0000088a0000 - 0xffff000008c00000   (  3456 KB)
[    0.000000]       .init : 0xffff000008c00000 - 0xffff000008d70000   (  1472 KB)
[    0.000000]       .data : 0xffff000008d70000 - 0xffff000008f47a00   (  1887 KB)
[    0.000000]        .bss : 0xffff000008f47a00 - 0xffff0000098d5d18   (  9785 KB)
[    0.000000]     fixed   : 0xffff7fdffe790000 - 0xffff7fdffec00000   (  4544 KB)
[    0.000000]     PCI I/O : 0xffff7fdffee00000 - 0xffff7fdfffe00000   (    16 MB)
[    0.000000]     vmemmap : 0xffff7fe000000000 - 0xffff800000000000   (   128 GB maximum)
[    0.000000]               0xffff7fe000000800 - 0xffff7fe006000000   (    95 MB actual)
[    0.000000]     memory  : 0xffff800000200000 - 0xffff801800000000   ( 98302 MB)
[    0.000000] SLUB: HWalign=128, Order=0-3, MinObjects=0, CPUs=48, Nodes=1
[    0.000000] ftrace: allocating 30308 entries in 8 pages
[    0.000000] Hierarchical RCU implementation.
[    0.000000]  RCU restricting CPUs from NR_CPUS=4096 to nr_cpu_ids=48.
[    0.000000] RCU: Adjusting geometry for rcu_fanout_leaf=16, nr_cpu_ids=48
[    0.000000] NR_IRQS: 64, nr_irqs: 64, preallocated irqs: 0
[    0.000000] GICv3: GIC: Using split EOI/Deactivate mode
[    0.000000] GICv3: Distributor has no Range Selector support
[    0.000000] GICv3: VLPI support, no direct LPI support
[    0.000000] ACPI: SRAT not present
[    0.000000] ITS [mem 0xff7efe0000-0xff7effffff]
[    0.000000] ITS@0x000000ff7efe0000: Using ITS number 0
[    0.000000] GIC: enabling workaround for ITS: QDF2400 erratum 0065
[    0.000000] ITS@0x000000ff7efe0000: allocated 524288 Devices @17c0800000 (indirect, esz 8, psz 64K, shr 1)
[    0.000000] ITS@0x000000ff7efe0000: allocated 8192 Interrupt Collections @17c0520000 (flat, esz 8, psz 64K, shr 1)
[    0.000000] ITS@0x000000ff7efe0000: allocated 65536 Virtual CPUs @17c0580000 (flat, esz 8, psz 64K, shr 1)
[    0.000000] GIC: using LPI property table @0x00000017c0530000
[    0.000000] ITS: Allocated DevID ffffffff as GICv4 proxy device (64 slots)
[    0.000000] ITS: Enabling GICv4 support
[    0.000000] GICv3: CPU0: found redistributor 0 region 0:0x000000ff7f000000
[    0.000000] CPU0: using LPI pending table @0x00000017c0550000
[    0.000000]  Offload RCU callbacks from CPUs: .
[    0.000000] arch_timer: cp15 timer(s) running at 20.00MHz (phys).
[    0.000000] clocksource: arch_sys_counter: mask: 0xffffffffffffff max_cycles: 0x49cd42e20, max_idle_ns: 440795202120 ns
[    0.000001] sched_clock: 56 bits at 20MHz, resolution 50ns, wraps every 4398046511100ns
[    0.000110] Console: colour dummy device 80x25
[    0.000171] Calibrating delay loop (skipped), value calculated using timer frequency.. 40.00 BogoMIPS (lpj=200000)
[    0.000175] pid_max: default: 49152 minimum: 384
[    0.000207] ACPI: Core revision 20170728
[    0.023877] ACPI: 1 ACPI AML tables successfully acquired and loaded
[    0.023973] Security Framework initialized
[    0.023976] SELinux:  Initializing.
[    0.025508] Dentry cache hash table entries: 8388608 (order: 10, 67108864 bytes)
[    0.026251] Inode-cache hash table entries: 4194304 (order: 9, 33554432 bytes)
[    0.026294] Mount-cache hash table entries: 131072 (order: 4, 1048576 bytes)
[    0.026320] Mountpoint-cache hash table entries: 131072 (order: 4, 1048576 bytes)
[    0.027098] ASID allocator initialised with 32768 entries
[    0.027118] Hierarchical SRCU implementation.
[    0.027402] PCI/MSI: ITS@0xff7efe0000 domain created
[    0.027408] Platform MSI: ITS@0xff7efe0000 domain created
[    0.027444] Remapping and enabling EFI services.
[    0.027459]   EFI remap 0x0000000000200000 => 0000000020000000
[    0.027461]   EFI remap 0x0000000003080000 => 0000000020020000
[    0.027464]   EFI remap 0x0000000003480000 => 0000000020030000
[    0.027467]   EFI remap 0x0000000003ae0000 => 00000000200c0000
[    0.027469]   EFI remap 0x0000000003b00000 => 00000000200d0000
[    0.027472]   EFI remap 0x0000000003b50000 => 0000000020120000
[    0.027480]   EFI remap 0x00000000064f0000 => 0000000020170000
[    0.027482]   EFI remap 0x00000000070b0000 => 0000000020ab0000
[    0.027485]   EFI remap 0x0000000007100000 => 0000000020b00000
[    0.027487]   EFI remap 0x0000000007200000 => 0000000020b50000
[    0.027490]   EFI remap 0x0000000007250000 => 0000000020ba0000
[    0.027493]   EFI remap 0x00000000072a0000 => 0000000020bf0000
[    0.027495]   EFI remap 0x0000000007310000 => 0000000020c60000
[    0.027498]   EFI remap 0x0000000007360000 => 0000000020cb0000
[    0.027500]   EFI remap 0x00000000073c0000 => 0000000020d10000
[    0.027503]   EFI remap 0x0000000007410000 => 0000000020d60000
[    0.027505]   EFI remap 0x0000000007460000 => 0000000020db0000
[    0.027508]   EFI remap 0x00000000074b0000 => 0000000020e00000
[    0.027510]   EFI remap 0x0000000007500000 => 0000000020e50000
[    0.027519]   EFI remap 0x0000000007550000 => 0000000020ea0000
[    0.027521]   EFI remap 0x0000000007fb0000 => 0000000021900000
[    0.027524]   EFI remap 0x0000000008000000 => 0000000021950000
[    0.027526]   EFI remap 0x0000000008050000 => 00000000219a0000
[    0.027528]   EFI remap 0x00000000080a0000 => 00000000219f0000
[    0.027531]   EFI remap 0x0000000008130000 => 0000000021a00000
[    0.027533]   EFI remap 0x00000000081c0000 => 0000000021a20000
[    0.027536]   EFI remap 0x0000000008220000 => 0000000021a80000
[    0.027538]   EFI remap 0x0000000008270000 => 0000000021ad0000
[    0.027540]   EFI remap 0x00000000082c0000 => 0000000021b20000
[    0.027543]   EFI remap 0x0000000008310000 => 0000000021b70000
[    0.027546]   EFI remap 0x0000000008380000 => 0000000021be0000
[    0.027548]   EFI remap 0x00000000083e0000 => 0000000021c40000
[    0.027551]   EFI remap 0x0000000008430000 => 0000000021c90000
[    0.027553]   EFI remap 0x0000000008480000 => 0000000021ce0000
[    0.027555]   EFI remap 0x00000000084d0000 => 0000000021d30000
[    0.027558]   EFI remap 0x0000000008520000 => 0000000021d80000
[    0.027560]   EFI remap 0x0000000008570000 => 0000000021dd0000
[    0.027563]   EFI remap 0x00000000085c0000 => 0000000021e20000
[    0.027565]   EFI remap 0x0000000008610000 => 0000000021e70000
[    0.027568]   EFI remap 0x0000000008660000 => 0000000021ec0000
[    0.027570]   EFI remap 0x00000000086d0000 => 0000000021f30000
[    0.027572]   EFI remap 0x0000000008730000 => 0000000021f90000
[    0.027575]   EFI remap 0x0000000008780000 => 0000000021fe0000
[    0.027578]   EFI remap 0x00000000087d0000 => 0000000022030000
[    0.027580]   EFI remap 0x0000000008820000 => 0000000022080000
[    0.027582]   EFI remap 0x00000000088f0000 => 00000000220d0000
[    0.027585]   EFI remap 0x0000000008930000 => 00000000220f0000
[    0.027587]   EFI remap 0x0000000008980000 => 0000000022140000
[    0.027590]   EFI remap 0x00000000089d0000 => 0000000022190000
[    0.027592]   EFI remap 0x0000000008a20000 => 00000000221e0000
[    0.027595]   EFI remap 0x0000000008a70000 => 0000000022230000
[    0.027597]   EFI remap 0x0000000008ac0000 => 0000000022280000
[    0.027600]   EFI remap 0x0000000008b10000 => 00000000222d0000
[    0.027602]   EFI remap 0x0000000008b60000 => 0000000022320000
[    0.027604]   EFI remap 0x0000000008bb0000 => 0000000022370000
[    0.027607]   EFI remap 0x0000000008c00000 => 00000000223c0000
[    0.027609]   EFI remap 0x0000000008c50000 => 0000000022410000
[    0.027612]   EFI remap 0x0000000008ca0000 => 0000000022460000
[    0.027614]   EFI remap 0x0000000008cf0000 => 00000000224b0000
[    0.027616]   EFI remap 0x0000000008d40000 => 0000000022500000
[    0.027619]   EFI remap 0x0000000008d90000 => 0000000022550000
[    0.027621]   EFI remap 0x0000000008de0000 => 00000000225a0000
[    0.027624]   EFI remap 0x000000000de20000 => 00000000225f0000
[    0.027626]   EFI remap 0x000000001c000000 => 0000000022620000
[    0.027629]   EFI remap 0x000000ff70030000 => 0000000022630000
[    0.027631]   EFI remap 0x000000ff70400000 => 0000000022640000
[    0.027635]   EFI remap 0x000000ff79000000 => 0000000022800000
[    0.027638]   EFI remap 0x000000ff79420000 => 0000000022c00000
[    0.027642]   EFI remap 0x000000ff7ac00000 => 0000000022e00000
[    0.028066] smp: Bringing up secondary CPUs ...
[    0.029113] Detected PIPT I-cache on CPU1
[    0.029122] GICv3: CPU1: found redistributor 100 region 1:0x000000ff7f080000
[    0.029130] CPU1: using LPI pending table @0x00000017c7370000
[    0.029157] CPU1: Booted secondary processor [680f0000]
[    0.030254] Detected PIPT I-cache on CPU2
[    0.030263] GICv3: CPU2: found redistributor 200 region 2:0x000000ff7f100000
[    0.030272] CPU2: using LPI pending table @0x00000017c7470000
[    0.030300] CPU2: Booted secondary processor [680f0000]
[    0.031347] Detected PIPT I-cache on CPU3
[    0.031357] GICv3: CPU3: found redistributor 300 region 3:0x000000ff7f180000
[    0.031365] CPU3: using LPI pending table @0x00000017c7570000
[    0.031393] CPU3: Booted secondary processor [680f0000]
[    0.032461] Detected PIPT I-cache on CPU4
[    0.032470] GICv3: CPU4: found redistributor 400 region 4:0x000000ff7f200000
[    0.032478] CPU4: using LPI pending table @0x00000017c7670000
[    0.032505] CPU4: Booted secondary processor [680f0000]
[    0.033588] Detected PIPT I-cache on CPU5
[    0.033598] GICv3: CPU5: found redistributor 500 region 5:0x000000ff7f280000
[    0.033607] CPU5: using LPI pending table @0x00000017c7770000
[    0.033636] CPU5: Booted secondary processor [680f0000]
[    0.034727] Detected PIPT I-cache on CPU6
[    0.034738] GICv3: CPU6: found redistributor 600 region 6:0x000000ff7f300000
[    0.034746] CPU6: using LPI pending table @0x00000017c78a0000
[    0.034775] CPU6: Booted secondary processor [680f0000]
[    0.035826] Detected PIPT I-cache on CPU7
[    0.035837] GICv3: CPU7: found redistributor 700 region 7:0x000000ff7f380000
[    0.035845] CPU7: using LPI pending table @0x00000017c79a0000
[    0.035873] CPU7: Booted secondary processor [680f0000]
[    0.036888] Detected PIPT I-cache on CPU8
[    0.036900] GICv3: CPU8: found redistributor 800 region 8:0x000000ff7f400000
[    0.036908] CPU8: using LPI pending table @0x00000017c7aa0000
[    0.036935] CPU8: Booted secondary processor [680f0000]
[    0.038014] Detected PIPT I-cache on CPU9
[    0.038026] GICv3: CPU9: found redistributor 900 region 9:0x000000ff7f480000
[    0.038034] CPU9: using LPI pending table @0x00000017c7bb0000
[    0.038063] CPU9: Booted secondary processor [680f0000]
[    0.039112] Detected PIPT I-cache on CPU10
[    0.039125] GICv3: CPU10: found redistributor a00 region 10:0x000000ff7f500000
[    0.039133] CPU10: using LPI pending table @0x00000017c7cc0000
[    0.039162] CPU10: Booted secondary processor [680f0000]
[    0.040185] Detected PIPT I-cache on CPU11
[    0.040199] GICv3: CPU11: found redistributor b00 region 11:0x000000ff7f580000
[    0.040207] CPU11: using LPI pending table @0x00000017c7df0000
[    0.040236] CPU11: Booted secondary processor [680f0000]
[    0.041281] Detected PIPT I-cache on CPU12
[    0.041295] GICv3: CPU12: found redistributor c00 region 12:0x000000ff7f600000
[    0.041304] CPU12: using LPI pending table @0x00000017c7ef0000
[    0.041332] CPU12: Booted secondary processor [680f0000]
[    0.042380] Detected PIPT I-cache on CPU13
[    0.042395] GICv3: CPU13: found redistributor d00 region 13:0x000000ff7f680000
[    0.042403] CPU13: using LPI pending table @0x00000017c7ff0000
[    0.042432] CPU13: Booted secondary processor [680f0000]
[    0.043490] Detected PIPT I-cache on CPU14
[    0.043505] GICv3: CPU14: found redistributor e00 region 14:0x000000ff7f700000
[    0.043513] CPU14: using LPI pending table @0x00000017c80f0000
[    0.043542] CPU14: Booted secondary processor [680f0000]
[    0.044583] Detected PIPT I-cache on CPU15
[    0.044598] GICv3: CPU15: found redistributor f00 region 15:0x000000ff7f780000
[    0.044607] CPU15: using LPI pending table @0x00000017c81f0000
[    0.044636] CPU15: Booted secondary processor [680f0000]
[    0.045643] Detected PIPT I-cache on CPU16
[    0.045659] GICv3: CPU16: found redistributor 1000 region 16:0x000000ff7f800000
[    0.045667] CPU16: using LPI pending table @0x00000017c8320000
[    0.045695] CPU16: Booted secondary processor [680f0000]
[    0.046776] Detected PIPT I-cache on CPU17
[    0.046793] GICv3: CPU17: found redistributor 1100 region 17:0x000000ff7f880000
[    0.046801] CPU17: using LPI pending table @0x00000017c8420000
[    0.046831] CPU17: Booted secondary processor [680f0000]
[    0.047919] Detected PIPT I-cache on CPU18
[    0.047936] GICv3: CPU18: found redistributor 1200 region 18:0x000000ff7f900000
[    0.047945] CPU18: using LPI pending table @0x00000017c8520000
[    0.047975] CPU18: Booted secondary processor [680f0000]
[    0.049002] Detected PIPT I-cache on CPU19
[    0.049020] GICv3: CPU19: found redistributor 1300 region 19:0x000000ff7f980000
[    0.049028] CPU19: using LPI pending table @0x00000017c8630000
[    0.049057] CPU19: Booted secondary processor [680f0000]
[    0.050127] Detected PIPT I-cache on CPU20
[    0.050145] GICv3: CPU20: found redistributor 1400 region 20:0x000000ff7fa00000
[    0.050153] CPU20: using LPI pending table @0x00000017c8730000
[    0.050180] CPU20: Booted secondary processor [680f0000]
[    0.051263] Detected PIPT I-cache on CPU21
[    0.051282] GICv3: CPU21: found redistributor 1500 region 21:0x000000ff7fa80000
[    0.051290] CPU21: using LPI pending table @0x00000017c8860000
[    0.051318] CPU21: Booted secondary processor [680f0000]
[    0.052413] Detected PIPT I-cache on CPU22
[    0.052432] GICv3: CPU22: found redistributor 1600 region 22:0x000000ff7fb00000
[    0.052440] CPU22: using LPI pending table @0x00000017c8970000
[    0.052469] CPU22: Booted secondary processor [680f0000]
[    0.053545] Detected PIPT I-cache on CPU23
[    0.053564] GICv3: CPU23: found redistributor 1700 region 23:0x000000ff7fb80000
[    0.053572] CPU23: using LPI pending table @0x00000017c8a70000
[    0.053600] CPU23: Booted secondary processor [680f0000]
[    0.054664] Detected PIPT I-cache on CPU24
[    0.054683] GICv3: CPU24: found redistributor 1 region 24:0x000000ff7f040000
[    0.054690] CPU24: using LPI pending table @0x00000017c8b70000
[    0.054718] CPU24: Booted secondary processor [680f0000]
[    0.055756] Detected PIPT I-cache on CPU25
[    0.055775] GICv3: CPU25: found redistributor 101 region 25:0x000000ff7f0c0000
[    0.055782] CPU25: using LPI pending table @0x00000017c8c70000
[    0.055809] CPU25: Booted secondary processor [680f0000]
[    0.056888] Detected PIPT I-cache on CPU26
[    0.056906] GICv3: CPU26: found redistributor 201 region 26:0x000000ff7f140000
[    0.056914] CPU26: using LPI pending table @0x00000017c8da0000
[    0.056940] CPU26: Booted secondary processor [680f0000]
[    0.057971] Detected PIPT I-cache on CPU27
[    0.057991] GICv3: CPU27: found redistributor 301 region 27:0x000000ff7f1c0000
[    0.057998] CPU27: using LPI pending table @0x00000017c8ea0000
[    0.058025] CPU27: Booted secondary processor [680f0000]
[    0.059047] Detected PIPT I-cache on CPU28
[    0.059067] GICv3: CPU28: found redistributor 401 region 28:0x000000ff7f240000
[    0.059074] CPU28: using LPI pending table @0x00000017c8fb0000
[    0.059100] CPU28: Booted secondary processor [680f0000]
[    0.060180] Detected PIPT I-cache on CPU29
[    0.060201] GICv3: CPU29: found redistributor 501 region 29:0x000000ff7f2c0000
[    0.060209] CPU29: using LPI pending table @0x00000017c90c0000
[    0.060236] CPU29: Booted secondary processor [680f0000]
[    0.061296] Detected PIPT I-cache on CPU30
[    0.061317] GICv3: CPU30: found redistributor 601 region 30:0x000000ff7f340000
[    0.061324] CPU30: using LPI pending table @0x00000017c91c0000
[    0.061352] CPU30: Booted secondary processor [680f0000]
[    0.062386] Detected PIPT I-cache on CPU31
[    0.062408] GICv3: CPU31: found redistributor 701 region 31:0x000000ff7f3c0000
[    0.062415] CPU31: using LPI pending table @0x00000017c92f0000
[    0.062442] CPU31: Booted secondary processor [680f0000]
[    0.063453] Detected PIPT I-cache on CPU32
[    0.063476] GICv3: CPU32: found redistributor 801 region 32:0x000000ff7f440000
[    0.063483] CPU32: using LPI pending table @0x00000017c93f0000
[    0.063509] CPU32: Booted secondary processor [680f0000]
[    0.064551] Detected PIPT I-cache on CPU33
[    0.064574] GICv3: CPU33: found redistributor 901 region 33:0x000000ff7f4c0000
[    0.064582] CPU33: using LPI pending table @0x00000017c9500000
[    0.064609] CPU33: Booted secondary processor [680f0000]
[    0.065666] Detected PIPT I-cache on CPU34
[    0.065690] GICv3: CPU34: found redistributor a01 region 34:0x000000ff7f540000
[    0.065697] CPU34: using LPI pending table @0x00000017c9610000
[    0.065724] CPU34: Booted secondary processor [680f0000]
[    0.066732] Detected PIPT I-cache on CPU35
[    0.066757] GICv3: CPU35: found redistributor b01 region 35:0x000000ff7f5c0000
[    0.066764] CPU35: using LPI pending table @0x00000017c9710000
[    0.066791] CPU35: Booted secondary processor [680f0000]
[    0.067770] Detected PIPT I-cache on CPU36
[    0.067795] GICv3: CPU36: found redistributor c01 region 36:0x000000ff7f640000
[    0.067802] CPU36: using LPI pending table @0x00000017c9840000
[    0.067829] CPU36: Booted secondary processor [680f0000]
[    0.068891] Detected PIPT I-cache on CPU37
[    0.068916] GICv3: CPU37: found redistributor d01 region 37:0x000000ff7f6c0000
[    0.068923] CPU37: using LPI pending table @0x00000017c9950000
[    0.068950] CPU37: Booted secondary processor [680f0000]
[    0.069999] Detected PIPT I-cache on CPU38
[    0.070025] GICv3: CPU38: found redistributor e01 region 38:0x000000ff7f740000
[    0.070032] CPU38: using LPI pending table @0x00000017c9a50000
[    0.070059] CPU38: Booted secondary processor [680f0000]
[    0.071073] Detected PIPT I-cache on CPU39
[    0.071099] GICv3: CPU39: found redistributor f01 region 39:0x000000ff7f7c0000
[    0.071107] CPU39: using LPI pending table @0x00000017c9b50000
[    0.071133] CPU39: Booted secondary processor [680f0000]
[    0.072161] Detected PIPT I-cache on CPU40
[    0.072187] GICv3: CPU40: found redistributor 1001 region 40:0x000000ff7f840000
[    0.072195] CPU40: using LPI pending table @0x00000017c9c60000
[    0.072221] CPU40: Booted secondary processor [680f0000]
[    0.073298] Detected PIPT I-cache on CPU41
[    0.073325] GICv3: CPU41: found redistributor 1101 region 41:0x000000ff7f8c0000
[    0.073333] CPU41: using LPI pending table @0x00000017c9d90000
[    0.073361] CPU41: Booted secondary processor [680f0000]
[    0.074436] Detected PIPT I-cache on CPU42
[    0.074464] GICv3: CPU42: found redistributor 1201 region 42:0x000000ff7f940000
[    0.074471] CPU42: using LPI pending table @0x00000017c9e90000
[    0.074499] CPU42: Booted secondary processor [680f0000]
[    0.075523] Detected PIPT I-cache on CPU43
[    0.075550] GICv3: CPU43: found redistributor 1301 region 43:0x000000ff7f9c0000
[    0.075557] CPU43: using LPI pending table @0x00000017c9f90000
[    0.075584] CPU43: Booted secondary processor [680f0000]
[    0.076607] Detected PIPT I-cache on CPU44
[    0.076635] GICv3: CPU44: found redistributor 1401 region 44:0x000000ff7fa40000
[    0.076642] CPU44: using LPI pending table @0x00000017ca090000
[    0.076668] CPU44: Booted secondary processor [680f0000]
[    0.077746] Detected PIPT I-cache on CPU45
[    0.077775] GICv3: CPU45: found redistributor 1501 region 45:0x000000ff7fac0000
[    0.077783] CPU45: using LPI pending table @0x00000017ca190000
[    0.077810] CPU45: Booted secondary processor [680f0000]
[    0.078870] Detected PIPT I-cache on CPU46
[    0.078899] GICv3: CPU46: found redistributor 1601 region 46:0x000000ff7fb40000
[    0.078906] CPU46: using LPI pending table @0x00000017ca2d0000
[    0.078933] CPU46: Booted secondary processor [680f0000]
[    0.079974] Detected PIPT I-cache on CPU47
[    0.080003] GICv3: CPU47: found redistributor 1701 region 47:0x000000ff7fbc0000
[    0.080010] CPU47: using LPI pending table @0x00000017ca3e0000
[    0.080037] CPU47: Booted secondary processor [680f0000]
[    0.080121] smp: Brought up 1 node, 48 CPUs
[    0.080207] SMP: Total of 48 processors activated.
[    0.080209] CPU features: detected feature: GIC system register CPU interface
[    0.080211] CPU features: detected feature: Privileged Access Never
[    0.080213] CPU features: detected feature: Kernel page table isolation (KPTI)
[    0.091054] CPU: All CPU(s) started at EL2
[    0.091241] alternatives: patching kernel code
[    0.094126] devtmpfs: initialized
[    0.094662] clocksource: jiffies: mask: 0xffffffff max_cycles: 0xffffffff, max_idle_ns: 19112604462750000 ns
[    0.094696] futex hash table entries: 16384 (order: 5, 2097152 bytes)
[    0.095222] pinctrl core: initialized pinctrl subsystem
[    0.095325] SMBIOS 3.1.1 present.
[    0.095331] DMI: HXT Semiconductor HXT REP-2 System H001-00002-0/REP-2 Motherboard, BIOS 0ACJA565 12/26/2018
[    0.095442] NET: Registered protocol family 16
[    0.096083] cpuidle: using governor menu
[    0.096120] Detected 2 PCC Subspaces
[    0.096175] Registering PCC driver as Mailbox controller
[    0.096223] vdso: 2 pages (1 code @ ffff0000088b0000, 1 data @ ffff000008da0000)
[    0.096226] hw-breakpoint: found 8 breakpoint and 4 watchpoint registers.
[    0.096783] DMA: preallocated 256 KiB pool for atomic allocations
[    0.096809] ACPI: bus type PCI registered
[    0.096812] acpiphp: ACPI Hot Plug PCI Controller Driver version: 0.5
[    0.096905] Serial: AMBA PL011 UART driver
[    0.099071] HugeTLB registered 2.00 MiB page size, pre-allocated 0 pages
[    0.099074] HugeTLB registered 512 MiB page size, pre-allocated 0 pages
[    0.100013] dmistr: HXT REP-2 System H001-00002-0
[    0.100333] ACPI: Added _OSI(Module Device)
[    0.100336] ACPI: Added _OSI(Processor Device)
[    0.100338] ACPI: Added _OSI(3.0 _SCP Extensions)
[    0.100339] ACPI: Added _OSI(Processor Aggregator Device)
[    1.023232] ACPI: Interpreter enabled
[    1.023235] ACPI: Using GIC for interrupt routing
[    1.023254] ACPI: MCFG table detected, 4 entries
[    1.023731] HEST: Table parsing has been initialized.
[    1.060346] sbsa-uart ARMH0011:01: working around QDF2400 SoC erratum 44
[    1.060361] ARMH0011:01: ttyAMA0 at MMIO 0xff78ed1000 (irq = 29, base_baud = 0) is a SBSA
[    3.718531] console [ttyAMA0] enabled
[    3.729622] ACPI: PCI Root Bridge [PCI0] (domain 0000 [bus 00-ff])
[    3.734858] acpi PNP0A08:00: _OSC: OS supports [ExtendedConfig ASPM ClockPM Segments MSI]
[    3.743058] acpi PNP0A08:00: PCIe AER handled by firmware
[    3.748445] acpi PNP0A08:00: _OSC: platform does not support [PCIeHotplug]
[    3.755342] acpi PNP0A08:00: _OSC: OS now controls [PME PCIeCapability]
[    3.766556] acpi PNP0A08:00: ECAM area [mem 0x80000000000-0x8000fffffff] reserved by PNP0C02:00
[    3.774384] acpi PNP0A08:00: ECAM at [mem 0x80000000000-0x8000fffffff] for [bus 00-ff]
[    3.782215] Remapped I/O 0x000008ffffff0000 to [io  0x0000-0xffff window]
[    3.789010] PCI host bridge to bus 0000:00
[    3.793040] pci_bus 0000:00: root bus resource [mem 0x80100100000-0x8011fffffff window] (bus address [0x00100000-0x1fffffff])
[    3.804329] pci_bus 0000:00: root bus resource [mem 0x80200000000-0x8021fffffff window] (bus address [0x20000000-0x3fffffff])
[    3.815612] pci_bus 0000:00: root bus resource [mem 0x80300000000-0x8033fffffff window] (bus address [0x40000000-0x7fffffff])
[    3.826896] pci_bus 0000:00: root bus resource [mem 0x80400000000-0x8fffffeffff window]
[    3.834880] pci_bus 0000:00: root bus resource [io  0x0000-0xffff window] (bus address [0x1000-0x10fff])
[    3.844345] pci_bus 0000:00: root bus resource [bus 00-ff]
[    3.874376] pci 0000:00:00.0: BAR 14: assigned [mem 0x80100100000-0x801003fffff]
[    3.880806] pci 0000:00:00.0: BAR 13: assigned [io  0x1000-0x1fff]
[    3.886974] pci 0000:01:00.0: BAR 6: assigned [mem 0x80100200000-0x801003fffff pref]
[    3.894695] pci 0000:01:00.0: BAR 0: assigned [mem 0x80100100000-0x80100107fff 64bit]
[    3.902514] pci 0000:01:00.0: BAR 4: assigned [io  0x1000-0x10ff]
[    3.908585] pci 0000:00:00.0: PCI bridge to [bus 01]
[    3.913535] pci 0000:00:00.0:   bridge window [io  0x1000-0x1fff]
[    3.919608] pci 0000:00:00.0:   bridge window [mem 0x80100100000-0x801003fffff]
[    3.926930] ACPI: PCI Interrupt Link [LN0A] (IRQs *88)
[    3.932036] ACPI: PCI Interrupt Link [LN0B] (IRQs *89)
[    3.937161] ACPI: PCI Interrupt Link [LN0C] (IRQs *90)
[    3.942278] ACPI: PCI Interrupt Link [LN0D] (IRQs *91)
[    3.947472] ACPI: PCI Root Bridge [PCI1] (domain 0001 [bus 00-ff])
[    3.953558] acpi PNP0A08:01: _OSC: OS supports [ExtendedConfig ASPM ClockPM Segments MSI]
[    3.961778] acpi PNP0A08:01: PCIe AER handled by firmware
[    3.967151] acpi PNP0A08:01: _OSC: platform does not support [PCIeHotplug]
[    3.974060] acpi PNP0A08:01: _OSC: OS now controls [PME PCIeCapability]
[    3.985370] acpi PNP0A08:01: ECAM area [mem 0x90000000000-0x9000fffffff] reserved by PNP0C02:01
[    3.993193] acpi PNP0A08:01: ECAM at [mem 0x90000000000-0x9000fffffff] for [bus 00-ff]
[    4.001032] Remapped I/O 0x000009ffffff0000 to [io  0x10000-0x1ffff window]
[    4.007991] PCI host bridge to bus 0001:00
[    4.012033] pci_bus 0001:00: root bus resource [mem 0x90100100000-0x9011fffffff window] (bus address [0x00100000-0x1fffffff])
[    4.023316] pci_bus 0001:00: root bus resource [mem 0x90200000000-0x9021fffffff window] (bus address [0x20000000-0x3fffffff])
[    4.034600] pci_bus 0001:00: root bus resource [mem 0x90300000000-0x9033fffffff window] (bus address [0x40000000-0x7fffffff])
[    4.045884] pci_bus 0001:00: root bus resource [mem 0x90400000000-0x9fffffeffff window]
[    4.053868] pci_bus 0001:00: root bus resource [io  0x10000-0x1ffff window] (bus address [0x1000-0x10fff])
[    4.063513] pci_bus 0001:00: root bus resource [bus 00-ff]
[    4.069085] pci 0001:00:00.0: PCI bridge to [bus 01]
[    4.073948] ACPI: PCI Interrupt Link [LN1A] (IRQs *92)
[    4.079055] ACPI: PCI Interrupt Link [LN1B] (IRQs *93)
[    4.084191] ACPI: PCI Interrupt Link [LN1C] (IRQs *94)
[    4.089297] ACPI: PCI Interrupt Link [LN1D] (IRQs *95)
[    4.094491] ACPI: PCI Root Bridge [PCI2] (domain 0002 [bus 00-ff])
[    4.100577] acpi PNP0A08:02: _OSC: OS supports [ExtendedConfig ASPM ClockPM Segments MSI]
[    4.108796] acpi PNP0A08:02: PCIe AER handled by firmware
[    4.114170] acpi PNP0A08:02: _OSC: platform does not support [PCIeHotplug]
[    4.121080] acpi PNP0A08:02: _OSC: OS now controls [PME PCIeCapability]
[    4.132450] acpi PNP0A08:02: ECAM area [mem 0xa0000000000-0xa000fffffff] reserved by PNP0C02:02
[    4.140273] acpi PNP0A08:02: ECAM at [mem 0xa0000000000-0xa000fffffff] for [bus 00-ff]
[    4.148111] Remapped I/O 0x00000affffff0000 to [io  0x20000-0x2ffff window]
[    4.155071] PCI host bridge to bus 0002:00
[    4.159113] pci_bus 0002:00: root bus resource [mem 0xa0100100000-0xa011fffffff window] (bus address [0x00100000-0x1fffffff])
[    4.170395] pci_bus 0002:00: root bus resource [mem 0xa0200000000-0xa021fffffff window] (bus address [0x20000000-0x3fffffff])
[    4.181680] pci_bus 0002:00: root bus resource [mem 0xa0300000000-0xa033fffffff window] (bus address [0x40000000-0x7fffffff])
[    4.192965] pci_bus 0002:00: root bus resource [mem 0xa0400000000-0xafffffeffff window]
[    4.200947] pci_bus 0002:00: root bus resource [io  0x20000-0x2ffff window] (bus address [0x1000-0x10fff])
[    4.210586] pci_bus 0002:00: root bus resource [bus 00-ff]
[    4.250728] pci 0002:02:00.0: BAR 0: assigned to efifb
[    4.255026] pci 0002:00:00.0: BAR 14: assigned [mem 0xa0100800000-0xa0101ffffff]
[    4.262286] pci 0002:00:00.0: BAR 13: assigned [io  0x20000-0x20fff]
[    4.268618] pci 0002:01:00.0: BAR 14: assigned [mem 0xa0100800000-0xa0101ffffff]
[    4.275999] pci 0002:01:00.0: BAR 13: assigned [io  0x20000-0x20fff]
[    4.282333] pci 0002:02:00.0: BAR 0: assigned [mem 0xa0101000000-0xa0101ffffff]
[    4.289630] pci 0002:02:00.0: BAR 1: assigned [mem 0xa0100800000-0xa010081ffff]
[    4.296918] pci 0002:02:00.0: BAR 2: assigned [io  0x20000-0x2007f]
[    4.303172] pci 0002:01:00.0: PCI bridge to [bus 02]
[    4.308115] pci 0002:01:00.0:   bridge window [io  0x20000-0x20fff]
[    4.314369] pci 0002:01:00.0:   bridge window [mem 0xa0100800000-0xa0101ffffff]
[    4.321659] pci 0002:00:00.0: PCI bridge to [bus 01-02]
[    4.326867] pci 0002:00:00.0:   bridge window [io  0x20000-0x20fff]
[    4.333114] pci 0002:00:00.0:   bridge window [mem 0xa0100800000-0xa0101ffffff]
[    4.340435] ACPI: PCI Interrupt Link [LN2A] (IRQs *96)
[    4.345542] ACPI: PCI Interrupt Link [LN2B] (IRQs *97)
[    4.350667] ACPI: PCI Interrupt Link [LN2C] (IRQs *98)
[    4.355784] ACPI: PCI Interrupt Link [LN2D] (IRQs *99)
[    4.360977] ACPI: PCI Root Bridge [PCI3] (domain 0003 [bus 00-ff])
[    4.367063] acpi PNP0A08:03: _OSC: OS supports [ExtendedConfig ASPM ClockPM Segments MSI]
[    4.375284] acpi PNP0A08:03: PCIe AER handled by firmware
[    4.380657] acpi PNP0A08:03: _OSC: platform does not support [PCIeHotplug]
[    4.387565] acpi PNP0A08:03: _OSC: OS now controls [PME PCIeCapability]
[    4.399022] acpi PNP0A08:03: ECAM area [mem 0xc0000000000-0xc000fffffff] reserved by PNP0C02:03
[    4.406845] acpi PNP0A08:03: ECAM at [mem 0xc0000000000-0xc000fffffff] for [bus 00-ff]
[    4.414684] Remapped I/O 0x00000cffffff0000 to [io  0x30000-0x3ffff window]
[    4.421643] PCI host bridge to bus 0003:00
[    4.425684] pci_bus 0003:00: root bus resource [mem 0xc0100100000-0xc011fffffff window] (bus address [0x00100000-0x1fffffff])
[    4.436967] pci_bus 0003:00: root bus resource [mem 0xc0200000000-0xc021fffffff window] (bus address [0x20000000-0x3fffffff])
[    4.448251] pci_bus 0003:00: root bus resource [mem 0xc0300000000-0xc033fffffff window] (bus address [0x40000000-0x7fffffff])
[    4.459536] pci_bus 0003:00: root bus resource [mem 0xc0400000000-0xcfffffeffff window]
[    4.467519] pci_bus 0003:00: root bus resource [io  0x30000-0x3ffff window] (bus address [0x1000-0x10fff])
[    4.477158] pci_bus 0003:00: root bus resource [bus 00-ff]
[    4.482736] pci 0003:00:00.0: PCI bridge to [bus 01]
[    4.487600] ACPI: PCI Interrupt Link [LN3A] (IRQs *100)
[    4.492793] ACPI: PCI Interrupt Link [LN3B] (IRQs *101)
[    4.498005] ACPI: PCI Interrupt Link [LN3C] (IRQs *102)
[    4.503209] ACPI: PCI Interrupt Link [LN3D] (IRQs *103)
[    4.508483] ACPI: PCI Interrupt Link [LN4A] (IRQs *104)
[    4.513626] ACPI: PCI Interrupt Link [LN4B] (IRQs *105)
[    4.518839] ACPI: PCI Interrupt Link [LN4C] (IRQs *106)
[    4.524042] ACPI: PCI Interrupt Link [LN4D] (IRQs *107)
[    4.529307] ACPI: PCI Interrupt Link [LN5A] (IRQs *108)
[    4.534459] ACPI: PCI Interrupt Link [LN5B] (IRQs *109)
[    4.539673] ACPI: PCI Interrupt Link [LN5C] (IRQs *110)
[    4.544876] ACPI: PCI Interrupt Link [LN5D] (IRQs *111)
[    4.561434] pci 0002:02:00.0: vgaarb: VGA device added: decodes=io+mem,owns=none,locks=none
[    4.568821] pci 0002:02:00.0: vgaarb: bridge control possible
[    4.574557] vgaarb: loaded
[    4.577401] SCSI subsystem initialized
[    4.581139] ACPI: bus type USB registered
[    4.584991] usbcore: registered new interface driver usbfs
[    4.590442] usbcore: registered new interface driver hub
[    4.595930] usbcore: registered new device driver usb
[    4.600982] EDAC MC: Ver: 3.0.0
[    4.603998] Registered efivars operations
[    4.609432] NetLabel: Initializing
[    4.611869] NetLabel:  domain hash size = 128
[    4.616209] NetLabel:  protocols = UNLABELED CIPSOv4 CALIPSO
[    4.621873] NetLabel:  unlabeled traffic allowed by default
[    4.627865] clocksource: Switched to clocksource arch_sys_counter
[    4.646839] VFS: Disk quotas dquot_6.6.0
[    4.649876] VFS: Dquot-cache hash table entries: 8192 (order 0, 65536 bytes)
[    4.657028] pnp: PnP ACPI init
[    4.662716] system 00:00: [mem 0x80000000000-0x8000fffffff] could not be reserved
[    4.669324] system 00:01: [mem 0x90000000000-0x9000fffffff] could not be reserved
[    4.676763] system 00:02: [mem 0xa0000000000-0xa000fffffff] could not be reserved
[    4.684236] system 00:03: [mem 0xc0000000000-0xc000fffffff] could not be reserved
[    4.691699] system 00:04: [mem 0xd0000000000-0xd000fffffff] has been reserved
[    4.698815] system 00:05: [mem 0xe0000000000-0xe000fffffff] has been reserved
[    4.709244] pnp: PnP ACPI: found 6 devices
[    4.714310] NET: Registered protocol family 2
[    4.717949] TCP established hash table entries: 524288 (order: 6, 4194304 bytes)
[    4.726946] TCP bind hash table entries: 65536 (order: 4, 1048576 bytes)
[    4.733147] TCP: Hash tables configured (established 524288 bind 65536)
[    4.739390] UDP hash table entries: 65536 (order: 5, 2097152 bytes)
[    4.747051] UDP-Lite hash table entries: 65536 (order: 5, 2097152 bytes)
[    4.754323] NET: Registered protocol family 1
[    4.757799] Unpacking initramfs...
[    8.427189] Freeing initrd memory: 42176K
[    8.431933] hw perfevents: enabled with armv8_pmuv3_0 PMU driver, 9 counters available
[    8.439026] kvm [1]: 16-bit VMID
[    8.442281] kvm [1]: GICv4 support disabled
[    8.446263] kvm [1]: GICv3: no GICV resource entry
[    8.451068] kvm [1]: disabling GICv2 emulation
[    8.455464] kvm [1]: GIC system register CPU interface enabled
[    8.461914] kvm [1]: vgic interrupt IRQ1
[    8.465733] kvm [1]: Hyp mode initialized successfully
[    8.493198] audit: initializing netlink subsys (disabled)
[    8.497710] audit: type=2000 audit(8.480:1): state=initialized audit_enabled=0 res=1
[    8.497840] Initialise system trusted keyrings
[    8.497887] workingset: timestamp_bits=44 max_order=21 bucket_order=0
[    8.499208] zbud: loaded
[    8.555013] NET: Registered protocol family 38
[    8.558505] Key type asymmetric registered
[    8.562573] Asymmetric key parser 'x509' registered
[    8.567488] Block layer SCSI generic (bsg) driver version 0.4 loaded (major 249)
[    8.574954] io scheduler noop registered
[    8.578727] io scheduler deadline registered (default)
[    8.583906] io scheduler cfq registered
[    8.587659] io scheduler mq-deadline registered
[    8.592179] io scheduler kyber registered
[    8.596698] atomic64_test: passed
[    8.599924] qcom-irq-combiner QCOM80B1:00: Initialized with [p=119,n=29,r=ffff000019d60018]
[    8.607856] qcom-irq-combiner QCOM80B1:01: Initialized with [p=120,n=12,r=ffff000019d80024]
[    8.616170] qcom-irq-combiner QCOM80B1:02: Initialized with [p=121,n=16,r=ffff000019da0038]
[    8.624512] qcom-irq-combiner QCOM80B1:03: Initialized with [p=122,n=18,r=ffff000019dc003c]
[    8.633702] efifb: probing for efifb
[    8.636358] pci 0002:02:00.0: BAR has moved, updating efifb address
[    8.642631] efifb: framebuffer at 0xa0101000000, using 1920k, total 1875k
[    8.649382] efifb: mode is 800x600x32, linelength=3200, pages=1
[    8.655281] efifb: scrolling: redraw
[    8.658844] efifb: Truecolor: size=8:8:8:8, shift=24:16:8:0
[    8.722176] Console: switching to colour frame buffer device 100x37
[    8.784011] fb0: EFI VGA frame buffer device
[    8.788325] acpi-ged ACPI0013:00: GED listening GSI 545 @ IRQ 51
[    8.794346] acpi-ged ACPI0013:00: GED listening GSI 546 @ IRQ 52
[    8.800293] acpi-ged ACPI0013:00: GED listening GSI 547 @ IRQ 53
[    8.806274] acpi-ged ACPI0013:00: GED listening GSI 548 @ IRQ 54
[    8.812282] acpi-ged ACPI0013:00: GED listening GSI 549 @ IRQ 55
[    8.818259] acpi-ged ACPI0013:00: GED listening GSI 550 @ IRQ 56
[    8.824242] acpi-ged ACPI0013:00: GED listening GSI 551 @ IRQ 57
[    8.830237] acpi-ged ACPI0013:00: GED listening GSI 552 @ IRQ 58
[    8.836221] acpi-ged ACPI0013:00: GED listening GSI 553 @ IRQ 59
[    8.842218] acpi-ged ACPI0013:00: GED listening GSI 554 @ IRQ 60
[    8.848207] acpi-ged ACPI0013:00: GED listening GSI 555 @ IRQ 61
[    8.854188] acpi-ged ACPI0013:00: GED listening GSI 556 @ IRQ 62
[    8.860188] acpi-ged ACPI0013:00: GED listening GSI 557 @ IRQ 63
[    8.866165] acpi-ged ACPI0013:00: GED listening GSI 558 @ IRQ 64
[    8.872188] acpi-ged ACPI0013:00: GED listening GSI 559 @ IRQ 65
[    8.878156] acpi-ged ACPI0013:00: GED listening GSI 560 @ IRQ 66
[    8.884260] input: Power Button as /devices/LNXSYSTM:00/LNXSYBUS:00/PNP0C0C:00/input/input0
[    8.892455] ACPI: Power Button [PWRB]
[    8.901383] (NULL device *): hwmon_device_register() is deprecated. Please convert the driver to use hwmon_device_register_with_info().
[    8.912748] thermal LNXTHERM:00: registered as thermal_zone0
[    8.918238] ACPI: Thermal Zone [TZ0] (38 C)
[    8.923151] thermal LNXTHERM:01: registered as thermal_zone1
[    8.928048] ACPI: Thermal Zone [TZ1] (38 C)
[    8.932638] thermal LNXTHERM:02: registered as thermal_zone2
[    8.937855] ACPI: Thermal Zone [TZ2] (38 C)
[    8.942100] thermal LNXTHERM:03: registered as thermal_zone3
[    8.947657] ACPI: Thermal Zone [TZ3] (38 C)
[    8.951912] thermal LNXTHERM:04: registered as thermal_zone4
[    8.957466] ACPI: Thermal Zone [TZ4] (38 C)
[    8.961720] thermal LNXTHERM:05: registered as thermal_zone5
[    8.967275] ACPI: Thermal Zone [TZ5] (38 C)
[    8.971529] thermal LNXTHERM:06: registered as thermal_zone6
[    8.977084] ACPI: Thermal Zone [TZ6] (37 C)
[    8.981337] thermal LNXTHERM:07: registered as thermal_zone7
[    8.986893] ACPI: Thermal Zone [TZ7] (38 C)
[    8.991145] thermal LNXTHERM:08: registered as thermal_zone8
[    8.996702] ACPI: Thermal Zone [TZ8] (38 C)
[    9.000954] thermal LNXTHERM:09: registered as thermal_zone9
[    9.006511] ACPI: Thermal Zone [TZ9] (39 C)
[    9.010766] thermal LNXTHERM:0a: registered as thermal_zone10
[    9.016407] ACPI: Thermal Zone [TZ10] (38 C)
[    9.020746] thermal LNXTHERM:0b: registered as thermal_zone11
[    9.026390] ACPI: Thermal Zone [TZ11] (38 C)
[    9.030730] thermal LNXTHERM:0c: registered as thermal_zone12
[    9.036372] ACPI: Thermal Zone [TZ12] (38 C)
[    9.040717] thermal LNXTHERM:0d: registered as thermal_zone13
[    9.046355] ACPI: Thermal Zone [TZ13] (38 C)
[    9.050695] thermal LNXTHERM:0e: registered as thermal_zone14
[    9.056337] ACPI: Thermal Zone [TZ14] (38 C)
[    9.060676] thermal LNXTHERM:0f: registered as thermal_zone15
[    9.066320] ACPI: Thermal Zone [TZ15] (38 C)
[    9.070666] thermal LNXTHERM:10: registered as thermal_zone16
[    9.076303] ACPI: Thermal Zone [TZ16] (39 C)
[    9.080672] thermal LNXTHERM:11: registered as thermal_zone17
[    9.086286] ACPI: Thermal Zone [TZ17] (39 C)
[    9.090627] thermal LNXTHERM:12: registered as thermal_zone18
[    9.096268] ACPI: Thermal Zone [TZ18] (39 C)
[    9.100607] thermal LNXTHERM:13: registered as thermal_zone19
[    9.106251] ACPI: Thermal Zone [TZ19] (40 C)
[    9.110591] thermal LNXTHERM:14: registered as thermal_zone20
[    9.116233] ACPI: Thermal Zone [TZ20] (40 C)
[    9.120573] thermal LNXTHERM:15: registered as thermal_zone21
[    9.126216] ACPI: Thermal Zone [TZ21] (40 C)
[    9.130555] thermal LNXTHERM:16: registered as thermal_zone22
[    9.136199] ACPI: Thermal Zone [TZ22] (40 C)
[    9.140537] thermal LNXTHERM:17: registered as thermal_zone23
[    9.146181] ACPI: Thermal Zone [TZ23] (39 C)
[    9.150520] thermal LNXTHERM:18: registered as thermal_zone24
[    9.156164] ACPI: Thermal Zone [TZ24] (38 C)
[    9.160503] thermal LNXTHERM:19: registered as thermal_zone25
[    9.166147] ACPI: Thermal Zone [TZ25] (39 C)
[    9.170485] thermal LNXTHERM:1a: registered as thermal_zone26
[    9.176129] ACPI: Thermal Zone [TZ26] (38 C)
[    9.180468] thermal LNXTHERM:1b: registered as thermal_zone27
[    9.186112] ACPI: Thermal Zone [TZ27] (39 C)
[    9.190451] thermal LNXTHERM:1c: registered as thermal_zone28
[    9.196094] ACPI: Thermal Zone [TZ28] (38 C)
[    9.200437] thermal LNXTHERM:1d: registered as thermal_zone29
[    9.206077] ACPI: Thermal Zone [TZ29] (38 C)
[    9.210423] thermal LNXTHERM:1e: registered as thermal_zone30
[    9.216060] ACPI: Thermal Zone [TZ30] (38 C)
[    9.220405] thermal LNXTHERM:1f: registered as thermal_zone31
[    9.226042] ACPI: Thermal Zone [TZ31] (38 C)
[    9.230384] thermal LNXTHERM:20: registered as thermal_zone32
[    9.236025] ACPI: Thermal Zone [TZ32] (38 C)
[    9.240365] thermal LNXTHERM:21: registered as thermal_zone33
[    9.246008] ACPI: Thermal Zone [TZ33] (38 C)
[    9.250347] thermal LNXTHERM:22: registered as thermal_zone34
[    9.255990] ACPI: Thermal Zone [TZ34] (38 C)
[    9.260329] thermal LNXTHERM:23: registered as thermal_zone35
[    9.265973] ACPI: Thermal Zone [TZ35] (38 C)
[    9.270313] thermal LNXTHERM:24: registered as thermal_zone36
[    9.275956] ACPI: Thermal Zone [TZ36] (38 C)
[    9.280302] thermal LNXTHERM:25: registered as thermal_zone37
[    9.285938] ACPI: Thermal Zone [TZ37] (39 C)
[    9.290306] thermal LNXTHERM:26: registered as thermal_zone38
[    9.295921] ACPI: Thermal Zone [TZ38] (38 C)
[    9.300260] thermal LNXTHERM:27: registered as thermal_zone39
[    9.305903] ACPI: Thermal Zone [TZ39] (39 C)
[    9.310243] thermal LNXTHERM:28: registered as thermal_zone40
[    9.315886] ACPI: Thermal Zone [TZ40] (38 C)
[    9.320225] thermal LNXTHERM:29: registered as thermal_zone41
[    9.325869] ACPI: Thermal Zone [TZ41] (39 C)
[    9.330209] thermal LNXTHERM:2a: registered as thermal_zone42
[    9.335851] ACPI: Thermal Zone [TZ42] (39 C)
[    9.340192] thermal LNXTHERM:2b: registered as thermal_zone43
[    9.345834] ACPI: Thermal Zone [TZ43] (39 C)
[    9.350175] thermal LNXTHERM:2c: registered as thermal_zone44
[    9.355817] ACPI: Thermal Zone [TZ44] (39 C)
[    9.360159] thermal LNXTHERM:2d: registered as thermal_zone45
[    9.365799] ACPI: Thermal Zone [TZ45] (39 C)
[    9.370145] thermal LNXTHERM:2e: registered as thermal_zone46
[    9.375782] ACPI: Thermal Zone [TZ46] (39 C)
[    9.380123] thermal LNXTHERM:2f: registered as thermal_zone47
[    9.385765] ACPI: Thermal Zone [TZ47] (39 C)
[    9.390103] thermal LNXTHERM:30: registered as thermal_zone48
[    9.395747] ACPI: Thermal Zone [TZ48] (40 C)
[    9.400084] thermal LNXTHERM:31: registered as thermal_zone49
[    9.405730] ACPI: Thermal Zone [TZ49] (40 C)
[    9.410067] thermal LNXTHERM:32: registered as thermal_zone50
[    9.415713] ACPI: Thermal Zone [TZ50] (34 C)
[    9.420049] thermal LNXTHERM:33: registered as thermal_zone51
[    9.425695] ACPI: Thermal Zone [TZ51] (44 C)
[    9.430032] thermal LNXTHERM:34: registered as thermal_zone52
[    9.435678] ACPI: Thermal Zone [TZ52] (42 C)
[    9.440014] thermal LNXTHERM:35: registered as thermal_zone53
[    9.445660] ACPI: Thermal Zone [TZ53] (34 C)
[    9.449997] thermal LNXTHERM:36: registered as thermal_zone54
[    9.455643] ACPI: Thermal Zone [TZ54] (34 C)
[    9.459979] thermal LNXTHERM:37: registered as thermal_zone55
[    9.465626] ACPI: Thermal Zone [TZ55] (39 C)
[    9.469962] thermal LNXTHERM:38: registered as thermal_zone56
[    9.475608] ACPI: Thermal Zone [TZ56] (38 C)
[    9.479945] thermal LNXTHERM:39: registered as thermal_zone57
[    9.485591] ACPI: Thermal Zone [TZ57] (38 C)
[    9.489927] thermal LNXTHERM:3a: registered as thermal_zone58
[    9.495574] ACPI: Thermal Zone [TZ58] (35 C)
[    9.500176] GHES: APEI firmware first mode is enabled by APEI bit and WHEA _OSC.
[    9.507262] ACPI GTDT: found 1 SBSA generic Watchdog(s).
[    9.513013] Serial: 8250/16550 driver, 4 ports, IRQ sharing enabled
[    9.519489] arm-smmu-v3 arm-smmu-v3.0.auto: option mask 0x0
[    9.524320] arm-smmu-v3 arm-smmu-v3.0.auto: ias 44-bit, oas 44-bit (features 0x00001fef)
[    9.532614] arm-smmu-v3 arm-smmu-v3.1.auto: option mask 0x0
[    9.537957] arm-smmu-v3 arm-smmu-v3.1.auto: ias 44-bit, oas 44-bit (features 0x00001fef)
[    9.546175] arm-smmu-v3 arm-smmu-v3.2.auto: option mask 0x0
[    9.551584] arm-smmu-v3 arm-smmu-v3.2.auto: ias 44-bit, oas 44-bit (features 0x00001fef)
[    9.559805] arm-smmu-v3 arm-smmu-v3.3.auto: option mask 0x0
[    9.565204] arm-smmu-v3 arm-smmu-v3.3.auto: ias 44-bit, oas 44-bit (features 0x00001fef)
[    9.573450] arm-smmu-v3 arm-smmu-v3.4.auto: option mask 0x0
[    9.578844] arm-smmu-v3 arm-smmu-v3.4.auto: ias 44-bit, oas 44-bit (features 0x00001fef)
[    9.587057] arm-smmu-v3 arm-smmu-v3.5.auto: option mask 0x0
[    9.592469] arm-smmu-v3 arm-smmu-v3.5.auto: ias 44-bit, oas 44-bit (features 0x00001fef)
[    9.600686] arm-smmu-v3 arm-smmu-v3.6.auto: option mask 0x0
[    9.606083] arm-smmu-v3 arm-smmu-v3.6.auto: ias 44-bit, oas 44-bit (features 0x00001fce)
[    9.618508] rdac: device handler registered
[    9.621789] hp_sw: device handler registered
[    9.625980] emc: device handler registered
[    9.630210] alua: device handler registered
[    9.634452] libphy: Fixed MDIO Bus: probed
[    9.638387] ehci_hcd: USB 2.0 'Enhanced' Host Controller (EHCI) Driver
[    9.644820] ehci-pci: EHCI PCI platform driver
[    9.649260] ohci_hcd: USB 1.1 'Open' Host Controller (OHCI) Driver
[    9.655409] ohci-pci: OHCI PCI platform driver
[    9.659846] uhci_hcd: USB Universal Host Controller Interface driver
[    9.666366] xhci-hcd QCOM8041:00: xHCI Host Controller
[    9.671367] xhci-hcd QCOM8041:00: new USB bus registered, assigned bus number 1
[    9.678746] xhci-hcd QCOM8041:00: hcc params 0x0220f665 hci version 0x100 quirks 0x00010010
[    9.686929] xhci-hcd QCOM8041:00: irq 123, io mem 0xff79800000
[    9.692797] usb usb1: New USB device found, idVendor=1d6b, idProduct=0002
[    9.699510] usb usb1: New USB device strings: Mfr=3, Product=2, SerialNumber=1
[    9.706709] usb usb1: Product: xHCI Host Controller
[    9.711577] usb usb1: Manufacturer: Linux 4.14.0-115.el7a.0.1.aarch64 xhci-hcd
[    9.718780] usb usb1: SerialNumber: QCOM8041:00
[    9.723449] hub 1-0:1.0: USB hub found
[    9.727029] hub 1-0:1.0: 1 port detected
[    9.731002] xhci-hcd QCOM8041:00: xHCI Host Controller
[    9.736104] xhci-hcd QCOM8041:00: new USB bus registered, assigned bus number 2
[    9.743364] usb usb2: We don't know the algorithms for LPM for this host, disabling LPM.
[    9.751445] usb usb2: New USB device found, idVendor=1d6b, idProduct=0003
[    9.758190] usb usb2: New USB device strings: Mfr=3, Product=2, SerialNumber=1
[    9.765390] usb usb2: Product: xHCI Host Controller
[    9.770256] usb usb2: Manufacturer: Linux 4.14.0-115.el7a.0.1.aarch64 xhci-hcd
[    9.777456] usb usb2: SerialNumber: QCOM8041:00
[    9.782082] hub 2-0:1.0: USB hub found
[    9.785708] hub 2-0:1.0: config failed, hub doesn't have any ports! (err -19)
[    9.792910] xhci-hcd QCOM8041:01: xHCI Host Controller
[    9.798004] xhci-hcd QCOM8041:01: new USB bus registered, assigned bus number 3
[    9.805380] xhci-hcd QCOM8041:01: hcc params 0x0220f665 hci version 0x100 quirks 0x00010010
[    9.813592] xhci-hcd QCOM8041:01: irq 124, io mem 0xff79a00000
[    9.819432] usb usb3: New USB device found, idVendor=1d6b, idProduct=0002
[    9.826154] usb usb3: New USB device strings: Mfr=3, Product=2, SerialNumber=1
[    9.833366] usb usb3: Product: xHCI Host Controller
[    9.838227] usb usb3: Manufacturer: Linux 4.14.0-115.el7a.0.1.aarch64 xhci-hcd
[    9.845425] usb usb3: SerialNumber: QCOM8041:01
[    9.850078] hub 3-0:1.0: USB hub found
[    9.853677] hub 3-0:1.0: 1 port detected
[    9.857636] xhci-hcd QCOM8041:01: xHCI Host Controller
[    9.862760] xhci-hcd QCOM8041:01: new USB bus registered, assigned bus number 4
[    9.870012] usb usb4: We don't know the algorithms for LPM for this host, disabling LPM.
[    9.878093] usb usb4: New USB device found, idVendor=1d6b, idProduct=0003
[    9.884835] usb usb4: New USB device strings: Mfr=3, Product=2, SerialNumber=1
[    9.892043] usb usb4: Product: xHCI Host Controller
[    9.896900] usb usb4: Manufacturer: Linux 4.14.0-115.el7a.0.1.aarch64 xhci-hcd
[    9.904109] usb usb4: SerialNumber: QCOM8041:01
[    9.908731] hub 4-0:1.0: USB hub found
[    9.912357] hub 4-0:1.0: config failed, hub doesn't have any ports! (err -19)
[    9.919584] xhci-hcd QCOM8041:02: xHCI Host Controller
[    9.924647] xhci-hcd QCOM8041:02: new USB bus registered, assigned bus number 5
[    9.932039] xhci-hcd QCOM8041:02: hcc params 0x0220f665 hci version 0x100 quirks 0x00010010
[    9.940234] xhci-hcd QCOM8041:02: irq 125, io mem 0xff79c00000
[    9.946077] usb usb5: New USB device found, idVendor=1d6b, idProduct=0002
[    9.952812] usb usb5: New USB device strings: Mfr=3, Product=2, SerialNumber=1
[    9.960016] usb usb5: Product: xHCI Host Controller
[    9.964869] usb usb5: Manufacturer: Linux 4.14.0-115.el7a.0.1.aarch64 xhci-hcd
[    9.972079] usb usb5: SerialNumber: QCOM8041:02
[    9.976786] hub 5-0:1.0: USB hub found
[    9.980337] hub 5-0:1.0: 1 port detected
[    9.984285] xhci-hcd QCOM8041:02: xHCI Host Controller
[    9.989408] xhci-hcd QCOM8041:02: new USB bus registered, assigned bus number 6
[    9.996656] usb usb6: We don't know the algorithms for LPM for this host, disabling LPM.
[   10.004744] usb usb6: New USB device found, idVendor=1d6b, idProduct=0003
[   10.011488] usb usb6: New USB device strings: Mfr=3, Product=2, SerialNumber=1
[   10.018693] usb usb6: Product: xHCI Host Controller
[   10.023550] usb usb6: Manufacturer: Linux 4.14.0-115.el7a.0.1.aarch64 xhci-hcd
[   10.030772] usb usb6: SerialNumber: QCOM8041:02
[   10.035378] hub 6-0:1.0: USB hub found
[   10.039013] hub 6-0:1.0: config failed, hub doesn't have any ports! (err -19)
[   10.046239] xhci-hcd QCOM8041:03: xHCI Host Controller
[   10.051329] xhci-hcd QCOM8041:03: new USB bus registered, assigned bus number 7
[   10.058686] xhci-hcd QCOM8041:03: hcc params 0x0220f665 hci version 0x100 quirks 0x00010010
[   10.066876] xhci-hcd QCOM8041:03: irq 126, io mem 0xff79e00000
[   10.072740] usb usb7: New USB device found, idVendor=1d6b, idProduct=0002
[   10.079462] usb usb7: New USB device strings: Mfr=3, Product=2, SerialNumber=1
[   10.086657] usb usb7: Product: xHCI Host Controller
[   10.091526] usb usb7: Manufacturer: Linux 4.14.0-115.el7a.0.1.aarch64 xhci-hcd
[   10.098728] usb usb7: SerialNumber: QCOM8041:03
[   10.103405] hub 7-0:1.0: USB hub found
[   10.106977] hub 7-0:1.0: 1 port detected
[   10.110960] xhci-hcd QCOM8041:03: xHCI Host Controller
[   10.116068] xhci-hcd QCOM8041:03: new USB bus registered, assigned bus number 8
[   10.117771] usb 1-1: new high-speed USB device number 2 using xhci-hcd
[   10.129824] usb usb8: We don't know the algorithms for LPM for this host, disabling LPM.
[   10.137905] usb usb8: New USB device found, idVendor=1d6b, idProduct=0003
[   10.144644] usb usb8: New USB device strings: Mfr=3, Product=2, SerialNumber=1
[   10.151853] usb usb8: Product: xHCI Host Controller
[   10.156709] usb usb8: Manufacturer: Linux 4.14.0-115.el7a.0.1.aarch64 xhci-hcd
[   10.163920] usb usb8: SerialNumber: QCOM8041:03
[   10.168572] hub 8-0:1.0: USB hub found
[   10.172167] hub 8-0:1.0: config failed, hub doesn't have any ports! (err -19)
[   10.179359] usbcore: registered new interface driver usbserial
[   10.185102] usbcore: registered new interface driver usbserial_generic
[   10.191616] usbserial: USB Serial support registered for generic
[   10.197671] mousedev: PS/2 mouse device common for all mice
[   10.203391] rtc-efi rtc-efi: rtc core: registered rtc-efi as rtc0
[   10.209313] i2c_qup QCOM8010:00:
[   10.209313]  tx channel not available
[   10.222714] i2c_qup QCOM8010:01:
[   10.222714]  tx channel not available
[   10.236169] EFI Variables Facility v0.08 2004-May-17
[   10.241318] hidraw: raw HID events driver (C) Jiri Kosina
[   10.245801] usbcore: registered new interface driver usbhid
[   10.251318] usbhid: USB HID core driver
[   10.255456] qcom-l2cache-pmu QCOM8130:00: Registered L2 cache PMU cluster 0
[   10.262085] qcom-l2cache-pmu QCOM8130:00: Registered L2 cache PMU cluster 1
[   10.269027] qcom-l2cache-pmu QCOM8130:00: Registered L2 cache PMU cluster 2
[   10.275967] qcom-l2cache-pmu QCOM8130:00: Registered L2 cache PMU cluster 3
[   10.282915] qcom-l2cache-pmu QCOM8130:00: Registered L2 cache PMU cluster 4
[   10.289861] qcom-l2cache-pmu QCOM8130:00: Registered L2 cache PMU cluster 5
[   10.296800] qcom-l2cache-pmu QCOM8130:00: Registered L2 cache PMU cluster 6
[   10.298622] usb 1-1: New USB device found, idVendor=0781, idProduct=5590
[   10.298623] usb 1-1: New USB device strings: Mfr=1, Product=2, SerialNumber=3
[   10.298625] usb 1-1: Product: Ultra
[   10.298626] usb 1-1: Manufacturer: SanDisk
[   10.298626] usb 1-1: SerialNumber: 4C531001371226109341
[   10.330311] qcom-l2cache-pmu QCOM8130:00: Registered L2 cache PMU cluster 7
[   10.337252] qcom-l2cache-pmu QCOM8130:00: Registered L2 cache PMU cluster 8
[   10.344228] qcom-l2cache-pmu QCOM8130:00: Registered L2 cache PMU cluster 9
[   10.351180] qcom-l2cache-pmu QCOM8130:00: Registered L2 cache PMU cluster 10
[   10.358193] qcom-l2cache-pmu QCOM8130:00: Registered L2 cache PMU cluster 11
[   10.365204] qcom-l2cache-pmu QCOM8130:00: Registered L2 cache PMU cluster 12
[   10.372240] qcom-l2cache-pmu QCOM8130:00: Registered L2 cache PMU cluster 13
[   10.379270] qcom-l2cache-pmu QCOM8130:00: Registered L2 cache PMU cluster 14
[   10.386297] qcom-l2cache-pmu QCOM8130:00: Registered L2 cache PMU cluster 15
[   10.393332] qcom-l2cache-pmu QCOM8130:00: Registered L2 cache PMU cluster 16
[   10.400363] qcom-l2cache-pmu QCOM8130:00: Registered L2 cache PMU cluster 17
[   10.407391] qcom-l2cache-pmu QCOM8130:00: Registered L2 cache PMU cluster 18
[   10.414426] qcom-l2cache-pmu QCOM8130:00: Registered L2 cache PMU cluster 19
[   10.421457] qcom-l2cache-pmu QCOM8130:00: Registered L2 cache PMU cluster 20
[   10.428488] qcom-l2cache-pmu QCOM8130:00: Registered L2 cache PMU cluster 21
[   10.435516] qcom-l2cache-pmu QCOM8130:00: Registered L2 cache PMU cluster 22
[   10.442551] qcom-l2cache-pmu QCOM8130:00: Registered L2 cache PMU cluster 23
[   10.449597] qcom-l2cache-pmu QCOM8130:00: CPU0 associated with cluster 0
[   10.456300] qcom-l2cache-pmu QCOM8130:00: CPU1 associated with cluster 1
[   10.462973] qcom-l2cache-pmu QCOM8130:00: CPU2 associated with cluster 2
[   10.469658] qcom-l2cache-pmu QCOM8130:00: CPU3 associated with cluster 3
[   10.476350] qcom-l2cache-pmu QCOM8130:00: CPU4 associated with cluster 4
[   10.483048] qcom-l2cache-pmu QCOM8130:00: CPU5 associated with cluster 5
[   10.489720] qcom-l2cache-pmu QCOM8130:00: CPU6 associated with cluster 6
[   10.496401] qcom-l2cache-pmu QCOM8130:00: CPU7 associated with cluster 7
[   10.497773] usb 7-1: new high-speed USB device number 2 using xhci-hcd
[   10.509590] qcom-l2cache-pmu QCOM8130:00: CPU8 associated with cluster 8
[   10.516268] qcom-l2cache-pmu QCOM8130:00: CPU9 associated with cluster 9
[   10.522965] qcom-l2cache-pmu QCOM8130:00: CPU10 associated with cluster 10
[   10.529821] qcom-l2cache-pmu QCOM8130:00: CPU11 associated with cluster 11
[   10.536667] qcom-l2cache-pmu QCOM8130:00: CPU12 associated with cluster 12
[   10.543536] qcom-l2cache-pmu QCOM8130:00: CPU13 associated with cluster 13
[   10.550402] qcom-l2cache-pmu QCOM8130:00: CPU14 associated with cluster 14
[   10.557252] qcom-l2cache-pmu QCOM8130:00: CPU15 associated with cluster 15
[   10.564109] qcom-l2cache-pmu QCOM8130:00: CPU16 associated with cluster 16
[   10.570979] qcom-l2cache-pmu QCOM8130:00: CPU17 associated with cluster 17
[   10.577839] qcom-l2cache-pmu QCOM8130:00: CPU18 associated with cluster 18
[   10.584671] qcom-l2cache-pmu QCOM8130:00: CPU19 associated with cluster 19
[   10.591538] qcom-l2cache-pmu QCOM8130:00: CPU20 associated with cluster 20
[   10.598397] qcom-l2cache-pmu QCOM8130:00: CPU21 associated with cluster 21
[   10.605242] qcom-l2cache-pmu QCOM8130:00: CPU22 associated with cluster 22
[   10.612111] qcom-l2cache-pmu QCOM8130:00: CPU23 associated with cluster 23
[   10.618969] qcom-l2cache-pmu QCOM8130:00: CPU24 associated with cluster 0
[   10.625724] qcom-l2cache-pmu QCOM8130:00: CPU25 associated with cluster 1
[   10.632505] qcom-l2cache-pmu QCOM8130:00: CPU26 associated with cluster 2
[   10.639277] qcom-l2cache-pmu QCOM8130:00: CPU27 associated with cluster 3
[   10.646064] qcom-l2cache-pmu QCOM8130:00: CPU28 associated with cluster 4
[   10.652840] qcom-l2cache-pmu QCOM8130:00: CPU29 associated with cluster 5
[   10.659648] qcom-l2cache-pmu QCOM8130:00: CPU30 associated with cluster 6
[   10.666376] qcom-l2cache-pmu QCOM8130:00: CPU31 associated with cluster 7
[   10.673189] qcom-l2cache-pmu QCOM8130:00: CPU32 associated with cluster 8
[   10.678149] usb 7-1: New USB device found, idVendor=0424, idProduct=2514
[   10.678151] usb 7-1: New USB device strings: Mfr=0, Product=0, SerialNumber=0
[   10.693725] qcom-l2cache-pmu QCOM8130:00: CPU33 associated with cluster 9
[   10.700496] qcom-l2cache-pmu QCOM8130:00: CPU34 associated with cluster 10
[   10.705959] hub 7-1:1.0: USB hub found
[   10.706030] hub 7-1:1.0: 4 ports detected
[   10.715071] qcom-l2cache-pmu QCOM8130:00: CPU35 associated with cluster 11
[   10.721940] qcom-l2cache-pmu QCOM8130:00: CPU36 associated with cluster 12
[   10.728795] qcom-l2cache-pmu QCOM8130:00: CPU37 associated with cluster 13
[   10.735643] qcom-l2cache-pmu QCOM8130:00: CPU38 associated with cluster 14
[   10.742511] qcom-l2cache-pmu QCOM8130:00: CPU39 associated with cluster 15
[   10.749368] qcom-l2cache-pmu QCOM8130:00: CPU40 associated with cluster 16
[   10.756216] qcom-l2cache-pmu QCOM8130:00: CPU41 associated with cluster 17
[   10.763082] qcom-l2cache-pmu QCOM8130:00: CPU42 associated with cluster 18
[   10.769942] qcom-l2cache-pmu QCOM8130:00: CPU43 associated with cluster 19
[   10.776789] qcom-l2cache-pmu QCOM8130:00: CPU44 associated with cluster 20
[   10.783655] qcom-l2cache-pmu QCOM8130:00: CPU45 associated with cluster 21
[   10.790515] qcom-l2cache-pmu QCOM8130:00: CPU46 associated with cluster 22
[   10.797361] qcom-l2cache-pmu QCOM8130:00: CPU47 associated with cluster 23
[   10.804271] qcom-l2cache-pmu QCOM8130:00: Registered L2 cache PMU using 24 HW PMUs
[   10.814344] qcom-l3cache-pmu QCOM8081:00: Registered l3cache_0_0, type: 8
[   10.822368] qcom-l3cache-pmu QCOM8081:01: Registered l3cache_0_1, type: 9
[   10.830429] qcom-l3cache-pmu QCOM8081:02: Registered l3cache_0_2, type: 10
[   10.838631] qcom-l3cache-pmu QCOM8081:03: Registered l3cache_0_3, type: 11
[   10.846829] qcom-l3cache-pmu QCOM8081:04: Registered l3cache_0_4, type: 12
[   10.854928] qcom-l3cache-pmu QCOM8081:05: Registered l3cache_0_5, type: 13
[   10.863020] qcom-l3cache-pmu QCOM8081:06: Registered l3cache_0_6, type: 14
[   10.871158] qcom-l3cache-pmu QCOM8081:07: Registered l3cache_0_7, type: 15
[   10.879356] qcom-l3cache-pmu QCOM8081:08: Registered l3cache_0_8, type: 16
[   10.887540] qcom-l3cache-pmu QCOM8081:09: Registered l3cache_0_9, type: 17
[   10.895755] qcom-l3cache-pmu QCOM8081:0a: Registered l3cache_0_10, type: 18
[   10.904067] qcom-l3cache-pmu QCOM8081:0b: Registered l3cache_0_11, type: 19
[   10.910349] drop_monitor: Initializing network drop monitor service
[   10.916396] Initializing XFRM netlink socket
[   10.920713] NET: Registered protocol family 10
[   10.925528] Segment Routing with IPv6
[   10.928662] NET: Registered protocol family 17
[   10.933370] registered taskstats version 1
[   10.937149] Loading compiled-in X.509 certificates
[   10.975123] Loaded X.509 cert 'CentOS Linux kernel signing key: b6b3d26981011e20a4b2caae23686594b24e63dc'
[   10.983748] Loaded X.509 cert 'CentOS Linux Driver update signing key: 7f421ee0ab69461574bb358861dbe77762a4201b'
[   10.993895] Loaded X.509 cert 'CentOS Linux kpatch signing key: ea0413152cde1d98ebdca3fe6f0230904c9ef717'
[   11.003498] zswap: loaded using pool lzo/zbud
[   11.010685] Key type big_key registered
[   11.013752] iommu: Adding device 0000:00:00.0 to group 0, default domain type 3
[   11.021049] ACPI: PCI Interrupt Link [LN0A] enabled at IRQ 88
[   11.026695] pcieport 0000:00:00.0: Signaling PME with IRQ 156
[   11.032392] iommu: Adding device 0001:00:00.0 to group 1, default domain type 3
[   11.039777] ACPI: PCI Interrupt Link [LN1A] enabled at IRQ 92
[   11.045437] pcieport 0001:00:00.0: Signaling PME with IRQ 158
[   11.051144] iommu: Adding device 0002:00:00.0 to group 2, default domain type 3
[   11.058527] ACPI: PCI Interrupt Link [LN2A] enabled at IRQ 96
[   11.064184] pcieport 0002:00:00.0: Signaling PME with IRQ 160
[   11.069880] iommu: Adding device 0002:01:00.0 to group 2, default domain type 3
[   11.077164] iommu: Adding device 0003:00:00.0 to group 3, default domain type 3
[   11.084570] ACPI: PCI Interrupt Link [LN3A] enabled at IRQ 100
[   11.090319] pcieport 0003:00:00.0: Signaling PME with IRQ 162
[   11.096242] rtc-efi rtc-efi: setting system clock to 2019-08-14 09:00:52 UTC (1565773252)
[   11.106650] Freeing unused kernel memory: 1472K
[   11.175924] systemd[1]: systemd 219 running in system mode. (+PAM +AUDIT +SELINUX +IMA -APPARMOR +SMACK +SYSVINIT +UTMP +LIBCRYPTSETUP +GCRYPT +GNUTLS +ACL +XZ +LZ4 -SECCOMP +BLKID +ELFUTILS +KMOD +IDN)
[   11.193243] systemd[1]: Detected architecture arm64.
[   11.197906] systemd[1]: Running in initial RAM disk.

Welcome to CentOS Linux 7 (AltArch) dracut-033-554.el7 (Initramfs)!

[   11.237860] systemd[1]: No hostname configured.
[   11.241432] systemd[1]: Set hostname to <localhost>.
[   11.246446] systemd[1]: Initializing machine ID from random generator.
[   11.280833] systemd[1]: Cannot add dependency job for unit blk-availability.service, ignoring: Unit not found.
[   11.290122] systemd[1]: Reached target Local Encrypted Volumes.
[  OK  ] Reached target Local Encrypted Volumes.
[   11.317889] systemd[1]: Reached target Local File Systems.
[  OK  ] Reached target Local File Systems.
[   11.347879] systemd[1]: Reached target Swap.
[  OK  ] Reached target Swap.
[  OK  ] Reached target Timers.
[  OK  ] Created slice Root Slice.
[  OK  ] Listening on Journal Socket.
[  OK  ] Created slice System Slice.
         Starting Apply Kernel Variables...
         Starting Setup Virtual Console...
[  OK  ] Listening on udev Kernel Socket.
[  OK  ] Reached target Slices.
         Starting Journal Service...
         Starting dracut cmdline hook...
[  OK  ] Listening on udev Control Socket.
         Starting Create list of required st... nodes for the current kernel...
[  OK  ] Started Journal Service.
[  OK  ] Started Apply Kernel Variables.
[  OK  ] Started Setup Virtual Console.
[  OK  ] Started Create list of required sta...ce nodes for the current kernel.
         Starting Create Static Device Nodes in /dev...
[  OK  ] Started Create Static Device Nodes in /dev.
[  OK  ] Started dracut cmdline hook.
         Starting dracut pre-udev hook...
[   12.007639] squashfs: version 4.0 (2009/01/31) Phillip Lougher
[   12.024786] Loading iSCSI transport class v2.0-870.
[   12.036380] iscsi: registered transport (tcp)
[   12.039281] dracut-pre-udev[767]: modprobe: FATAL: Module floppy not found.
[   12.070507] dracut-pre-udev[767]: modprobe: FATAL: Module edd not found.
[   12.110447] dracut-pre-udev[767]: modprobe: FATAL: Module iscsi_ibft not found.
[   12.257910] raid6: int64x1  gen()  6233 MB/s
[   12.427918] raid6: int64x1  xor()  1651 MB/s
[   12.597909] raid6: int64x2  gen()  7891 MB/s
[   12.767894] raid6: int64x2  xor()  2451 MB/s
[   12.937894] raid6: int64x4  gen()  8316 MB/s
[   13.107873] raid6: int64x4  xor()  2464 MB/s
[   13.277931] raid6: int64x8  gen()  1557 MB/s
[   13.447929] raid6: int64x8  xor()   756 MB/s
[   13.617919] raid6: neonx1   gen()  8907 MB/s
[   13.787900] raid6: neonx1   xor()  2228 MB/s
[   13.957898] raid6: neonx2   gen()  9858 MB/s
[   14.127917] raid6: neonx2   xor()  2995 MB/s
[   14.297900] raid6: neonx4   gen() 10280 MB/s
[   14.467899] raid6: neonx4   xor()  3247 MB/s
[   14.637891] raid6: neonx8   gen()  9954 MB/s
[   14.807927] raid6: neonx8   xor()  2500 MB/s
[   14.811237] raid6: using algorithm neonx4 gen() 10280 MB/s
[   14.816706] raid6: .... xor() 3247 MB/s, rmw enabled
[   14.821661] raid6: using neon recovery algorithm
[   14.827576] async_tx: api initialized (async)
[   14.832363] xor: measuring software checksum speed
[   14.927787]    8regs     : 10009.600 MB/sec
[   15.027861]    8regs_prefetch: 10060.800 MB/sec
[   15.127839]    32regs    :  9510.400 MB/sec
[   15.227785]    32regs_prefetch:  8665.600 MB/sec
[   15.231437] xor: using function: 8regs_prefetch (10060.800 MB/sec)
[   15.299642] device-mapper: uevent: version 1.0.3
[   15.303401] device-mapper: ioctl: 4.37.0-ioctl (2017-09-20) initialised: dm-devel@redhat.com
[   15.364306] device-mapper: multipath round-robin: version 1.2.0 loaded
[   15.446979] RPC: Registered named UNIX socket transport module.
[   15.451942] RPC: Registered udp transport module.
[   15.456622] RPC: Registered tcp transport module.
[   15.461325] RPC: Registered tcp NFSv4.1 backchannel transport module.
[  OK  ] Started dracut pre-udev hook.
         Starting udev Kernel Device Manager...
[  OK  ] Started udev Kernel Device Manager.
         Starting dracut pre-trigger hook...
[  OK  ] Started dracut pre-trigger hook.
         Starting udev Coldplug all Devices...
         Mounting Configuration File System...
[  OK  ] Mounted Configuration File System.
[   16.026795] hidma-mgmt QCOM8060:00: HW rev: 1.1 @ 0x000000ff98000000 with 6 physical channels
[   16.035124] hidma-mgmt QCOM8060:01: HW rev: 1.1 @ 0x000000ff9a000000 with 6 physical channels
[   16.038980] sdhci: Secure Digital Host Controller Interface driver
[   16.038980] sdhci: Copyright(c) Pierre Ossman
[   16.055031] hidma QCOM8062:00: HI-DMA engine driver registration complete
[   16.061612] hidma QCOM8062:01: HI-DMA engine driver registration complete
[   16.080401] libphy: emac-mdio: probed
[   16.082500] Microsemi PQI Driver (v1.1.4-115)
[   16.082588] iommu: Adding device 0000:01:00.0 to group 0, default domain type 3
[   16.082730] smartpqi 0000:01:00.0: Microsemi Smart Family Controller found
[   16.095730] usb-storage 1-1:1.0: USB Mass Storage device detected
[   16.095894] scsi host0: usb-storage 1-1:1.0
[   16.096013] usbcore: registered new interface driver usb-storage
[   16.100589] usbcore: registered new interface driver uas
[  OK  ] Started udev Coldplug all Devices.
[   16.123581] qcom-emac QCOM8070:00 eth0: hardware id 64.1, hardware version 1.3.0
[   16.131359] iommu: Adding device 0002:02:00.0 to group 2, default domain type 3
[   16.131474] ast 0002:02:00.0: enabling device (0002 -> 0003)
[   16.131588] [drm] Using P2A bridge for configuration
[   16.131591] [drm] AST 2500 detected
[   16.131596] [drm] Analog VGA only
[   16.131607] [drm] dram MCLK=800 Mhz type=7 bus_width=16 size=01000000
[   16.131703] [TTM] Zone  kernel: Available graphics memory: 50143904 kiB
[   16.131704] [TTM] Zone   dma32: Available graphics memory: 2097152 kiB
[   16.131704] [TTM] Initializing pool allocator
[   16.131710] [TTM] Initializing DMA pool allocator
[   16.135775] fb: switching to astdrmfb from EFI VGA
[   16.193233] Console: switching to colour dummy device 80x25
[   16.201949] libphy: emac-mdio: probed
[   16.202203] qcom-emac QCOM8070:01 eth1: hardware id 64.1, hardware version 1.3.0
[   16.202333] ahci QCOM8090:00: SSS flag set, parallel bus scan disabled
[   16.202342] ahci QCOM8090:00: AHCI 0001.0301 32 slots 1 ports 6 Gbps 0x1 impl platform mode
[   16.202345] ahci QCOM8090:00: flags: 64bit ncq sntf stag pm led clo only pmp pio slum part ccc sadm sds apst
[   16.202791] scsi host1: ahci
[   16.202865] ata1: SATA max UDMA/133 mmio [mem 0xff88000000-0xff880001ff] port 0x100 irq 30
[   16.202987] ahci QCOM8090:01: SSS flag set, parallel bus scan disabled
[   16.202995] ahci QCOM8090:01: AHCI 0001.0301 32 slots 1 ports 6 Gbps 0x1 impl platform mode
[   16.202997] ahci QCOM8090:01: flags: 64bit ncq sntf stag pm led clo only pmp pio slum part ccc sadm sds apst
[   16.203301] scsi host2: ahci
[   16.203367] ata2: SATA max UDMA/133 mmio [mem 0xff89000000-0xff890001ff] port 0x100 irq 31
[   16.203862] mmc0: SDHCI controller on ACPI [QCOM8051:00] using ADMA 64-bit
[   16.203983] hidma-mgmt QCOM8060:02: HW rev: 1.1 @ 0x000000ff9c000000 with 6 physical channels
[   16.204059] hidma-mgmt QCOM8060:03: HW rev: 1.1 @ 0x000000ff9e000000 with 6 physical channels
[   16.204589] hidma QCOM8062:02: HI-DMA engine driver registration complete
[   16.205084] hidma QCOM8062:03: HI-DMA engine driver registration complete
[   16.205573] hidma QCOM8062:04: HI-DMA engine driver registration complete
[   16.206024] hidma QCOM8062:05: HI-DMA engine driver registration complete
[   16.206489] hidma QCOM8062:06: HI-DMA engine driver registration complete
[   16.206933] hidma QCOM8062:07: HI-DMA engine driver registration complete
[   16.207368] hidma QCOM8062:08: HI-DMA engine driver registration complete
[   16.207867] hidma QCOM8062:09: HI-DMA engine driver registration complete
[   16.208327] hidma QCOM8062:0a: HI-DMA engine driver registration complete
[   16.208840] hidma QCOM8062:0b: HI-DMA engine driver registration complete
[   16.209315] hidma QCOM8062:0c: HI-DMA engine driver registration complete
[   16.209773] hidma QCOM8062:0d: HI-DMA engine driver registration complete
[   16.210220] hidma QCOM8062:0e: HI-DMA engine driver registration complete
[   16.210732] hidma QCOM8062:0f: HI-DMA engine driver registration complete
[   16.211282] hidma QCOM8062:10: HI-DMA engine driver registration complete
[   16.211823] hidma QCOM8062:11: HI-DMA engine driver registration complete
[   16.212384] hidma QCOM8062:12: HI-DMA engine driver registration complete
